Archive member included to satisfy reference by file (symbol)

c:/develop/altera/15.0/nios2eds/bin/gnu/h-x86_64-mingw32/bin/../lib/gcc/nios2-elf/4.9.1/../../../../../H-x86_64-mingw32/nios2-elf/lib/mhw-mulx\libc.a(lib_a-malloc.o)
                              obj/default/wav_player.o (malloc)
c:/develop/altera/15.0/nios2eds/bin/gnu/h-x86_64-mingw32/bin/../lib/gcc/nios2-elf/4.9.1/../../../../../H-x86_64-mingw32/nios2-elf/lib/mhw-mulx\libc.a(lib_a-mallocr.o)
                              c:/develop/altera/15.0/nios2eds/bin/gnu/h-x86_64-mingw32/bin/../lib/gcc/nios2-elf/4.9.1/../../../../../H-x86_64-mingw32/nios2-elf/lib/mhw-mulx\libc.a(lib_a-malloc.o) (_malloc_r)
c:/develop/altera/15.0/nios2eds/bin/gnu/h-x86_64-mingw32/bin/../lib/gcc/nios2-elf/4.9.1/../../../../../H-x86_64-mingw32/nios2-elf/lib/mhw-mulx\libc.a(lib_a-memcpy.o)
                              obj/default/mmcfs/fatfs/ff.o (memcpy)
c:/develop/altera/15.0/nios2eds/bin/gnu/h-x86_64-mingw32/bin/../lib/gcc/nios2-elf/4.9.1/../../../../../H-x86_64-mingw32/nios2-elf/lib/mhw-mulx\libc.a(lib_a-memset.o)
                              obj/default/mmcfs/fatfs/ff.o (memset)
c:/develop/altera/15.0/nios2eds/bin/gnu/h-x86_64-mingw32/bin/../lib/gcc/nios2-elf/4.9.1/../../../../../H-x86_64-mingw32/nios2-elf/lib/mhw-mulx\libc.a(lib_a-printf.o)
                              obj/default/loadbmp.o (printf)
c:/develop/altera/15.0/nios2eds/bin/gnu/h-x86_64-mingw32/bin/../lib/gcc/nios2-elf/4.9.1/../../../../../H-x86_64-mingw32/nios2-elf/lib/mhw-mulx\libc.a(lib_a-puts.o)
                              obj/default/loadbmp.o (puts)
c:/develop/altera/15.0/nios2eds/bin/gnu/h-x86_64-mingw32/bin/../lib/gcc/nios2-elf/4.9.1/../../../../../H-x86_64-mingw32/nios2-elf/lib/mhw-mulx\libc.a(lib_a-sbrkr.o)
                              c:/develop/altera/15.0/nios2eds/bin/gnu/h-x86_64-mingw32/bin/../lib/gcc/nios2-elf/4.9.1/../../../../../H-x86_64-mingw32/nios2-elf/lib/mhw-mulx\libc.a(lib_a-mallocr.o) (_sbrk_r)
c:/develop/altera/15.0/nios2eds/bin/gnu/h-x86_64-mingw32/bin/../lib/gcc/nios2-elf/4.9.1/../../../../../H-x86_64-mingw32/nios2-elf/lib/mhw-mulx\libc.a(lib_a-strcpy.o)
                              obj/default/wav_player.o (strcpy)
c:/develop/altera/15.0/nios2eds/bin/gnu/h-x86_64-mingw32/bin/../lib/gcc/nios2-elf/4.9.1/../../../../../H-x86_64-mingw32/nios2-elf/lib/mhw-mulx\libc.a(lib_a-strlen.o)
                              obj/default/getfilename.o (strlen)
c:/develop/altera/15.0/nios2eds/bin/gnu/h-x86_64-mingw32/bin/../lib/gcc/nios2-elf/4.9.1/../../../../../H-x86_64-mingw32/nios2-elf/lib/mhw-mulx\libc.a(lib_a-vfprintf.o)
                              c:/develop/altera/15.0/nios2eds/bin/gnu/h-x86_64-mingw32/bin/../lib/gcc/nios2-elf/4.9.1/../../../../../H-x86_64-mingw32/nios2-elf/lib/mhw-mulx\libc.a(lib_a-printf.o) (___vfprintf_internal_r)
c:/develop/altera/15.0/nios2eds/bin/gnu/h-x86_64-mingw32/bin/../lib/gcc/nios2-elf/4.9.1/../../../../../H-x86_64-mingw32/nios2-elf/lib/mhw-mulx\libc.a(lib_a-wsetup.o)
                              c:/develop/altera/15.0/nios2eds/bin/gnu/h-x86_64-mingw32/bin/../lib/gcc/nios2-elf/4.9.1/../../../../../H-x86_64-mingw32/nios2-elf/lib/mhw-mulx\libc.a(lib_a-vfprintf.o) (__swsetup_r)
c:/develop/altera/15.0/nios2eds/bin/gnu/h-x86_64-mingw32/bin/../lib/gcc/nios2-elf/4.9.1/../../../../../H-x86_64-mingw32/nios2-elf/lib/mhw-mulx\libc.a(lib_a-dtoa.o)
                              c:/develop/altera/15.0/nios2eds/bin/gnu/h-x86_64-mingw32/bin/../lib/gcc/nios2-elf/4.9.1/../../../../../H-x86_64-mingw32/nios2-elf/lib/mhw-mulx\libc.a(lib_a-vfprintf.o) (_dtoa_r)
c:/develop/altera/15.0/nios2eds/bin/gnu/h-x86_64-mingw32/bin/../lib/gcc/nios2-elf/4.9.1/../../../../../H-x86_64-mingw32/nios2-elf/lib/mhw-mulx\libc.a(lib_a-fflush.o)
                              c:/develop/altera/15.0/nios2eds/bin/gnu/h-x86_64-mingw32/bin/../lib/gcc/nios2-elf/4.9.1/../../../../../H-x86_64-mingw32/nios2-elf/lib/mhw-mulx\libc.a(lib_a-vfprintf.o) (_fflush_r)
c:/develop/altera/15.0/nios2eds/bin/gnu/h-x86_64-mingw32/bin/../lib/gcc/nios2-elf/4.9.1/../../../../../H-x86_64-mingw32/nios2-elf/lib/mhw-mulx\libc.a(lib_a-findfp.o)
                              c:/develop/altera/15.0/nios2eds/bin/gnu/h-x86_64-mingw32/bin/../lib/gcc/nios2-elf/4.9.1/../../../../../H-x86_64-mingw32/nios2-elf/lib/mhw-mulx\libc.a(lib_a-vfprintf.o) (__sinit)
c:/develop/altera/15.0/nios2eds/bin/gnu/h-x86_64-mingw32/bin/../lib/gcc/nios2-elf/4.9.1/../../../../../H-x86_64-mingw32/nios2-elf/lib/mhw-mulx\libc.a(lib_a-freer.o)
                              c:/develop/altera/15.0/nios2eds/bin/gnu/h-x86_64-mingw32/bin/../lib/gcc/nios2-elf/4.9.1/../../../../../H-x86_64-mingw32/nios2-elf/lib/mhw-mulx\libc.a(lib_a-malloc.o) (_free_r)
c:/develop/altera/15.0/nios2eds/bin/gnu/h-x86_64-mingw32/bin/../lib/gcc/nios2-elf/4.9.1/../../../../../H-x86_64-mingw32/nios2-elf/lib/mhw-mulx\libc.a(lib_a-fvwrite.o)
[...]
Memory Configuration

Name             Origin             Length             Attributes
sdram_BEFORE_EXCEPTION 0x0000000000000000 0x0000000000000020
sdram            0x0000000000000020 0x0000000003ffffe0
reset            0x000000000f000000 0x0000000000000020
bootmem          0x000000000f000020 0x000000000000ffe0
epcq_avl_mem     0x0000000010800000 0x0000000000800000
*default*        0x0000000000000000 0xffffffffffffffff

Linker script and memory map

LOAD ../cineraria_wavplay_bsp//obj/HAL/src/crt0.o
LOAD obj/default/disp7seg.o
LOAD obj/default/drawwave.o
LOAD obj/default/getfilename.o
LOAD obj/default/loadbmp.o
LOAD obj/default/mmcfs/fatfs/ff.o
LOAD obj/default/mmcfs/fatfs/mmcbb.o
LOAD obj/default/mmcfs/fatfs/option/cc932.o
LOAD obj/default/mmcfs/gettime.o
LOAD obj/default/mmcfs/mmc_spi.o
LOAD obj/default/mmcfs/mmcfs.o
LOAD obj/default/nd_lib/nd_egl.o
LOAD obj/default/playwav.o
LOAD obj/default/wav_player.o
LOAD c:/develop/altera/15.0/nios2eds/bin/gnu/h-x86_64-mingw32/bin/../lib/gcc/nios2-elf/4.9.1/../../../../../H-x86_64-mingw32/nios2-elf/lib/mhw-mulx\libstdc++.a
LOAD c:/develop/altera/15.0/nios2eds/bin/gnu/h-x86_64-mingw32/bin/../lib/gcc/nios2-elf/4.9.1/../../../../../H-x86_64-mingw32/nios2-elf/lib/mhw-mulx\libm.a
LOAD c:/develop/altera/15.0/nios2eds/bin/gnu/h-x86_64-mingw32/bin/../lib/gcc/nios2-elf/4.9.1/mhw-mulx\libgcc.a
START GROUP
LOAD c:/develop/altera/15.0/nios2eds/bin/gnu/h-x86_64-mingw32/bin/../lib/gcc/nios2-elf/4.9.1/../../../../../H-x86_64-mingw32/nios2-elf/lib/mhw-mulx\libc.a
LOAD c:/develop/altera/15.0/nios2eds/bin/gnu/h-x86_64-mingw32/bin/../lib/gcc/nios2-elf/4.9.1/mhw-mulx\libgcc.a
LOAD ../cineraria_wavplay_bsp/\libhal_bsp.a
LOAD c:/develop/altera/15.0/nios2eds/bin/gnu/h-x86_64-mingw32/bin/../lib/gcc/nios2-elf/4.9.1/../../../../../H-x86_64-mingw32/nios2-elf/lib/mhw-mulx\libm.a
END GROUP
LOAD c:/develop/altera/15.0/nios2eds/bin/gnu/h-x86_64-mingw32/bin/../lib/gcc/nios2-elf/4.9.1/mhw-mulx\libgcc.a
                0x0000000000000000                __alt_mem_sdram = 0x0
                0x000000000f000000                __alt_mem_bootmem = 0xf000000
                0x0000000010800000                __alt_mem_epcq_avl_mem = 0x10800000

.entry          0x000000000f000000        0x0
 *(.entry)
 .entry         0x000000000f000000        0x0 ../cineraria_wavplay_bsp//obj/HAL/src/crt0.o
                0x000000000f000000                __reset

.exceptions     0x0000000000000020      0x16c
                0x0000000000000020                PROVIDE (__ram_exceptions_start, ABSOLUTE (.))
                0x0000000000000020                . = ALIGN (0x20)
 *(.irq)
 *(.exceptions.entry.label)
 .exceptions.entry.label
                0x0000000000000020        0x0 ../cineraria_wavplay_bsp/\libhal_bsp.a(alt_irq_entry.o)
                0x0000000000000020                alt_irq_entry
 .exceptions.entry.label
                0x0000000000000020        0x0 ../cineraria_wavplay_bsp/\libhal_bsp.a(alt_exception_entry.o)
                0x0000000000000020                alt_exception
 *(.exceptions.entry.user)
 *(.exceptions.entry.ecc_fatal)
 *(.exceptions.entry)
 .exceptions.entry
                0x0000000000000020       0x54 ../cineraria_wavplay_bsp/\libhal_bsp.a(alt_exception_entry.o)
 *(.exceptions.irqtest.user)
 *(.exceptions.irqtest)
 .exceptions.irqtest
                0x0000000000000074       0x10 ../cineraria_wavplay_bsp/\libhal_bsp.a(alt_irq_entry.o)
 *(.exceptions.irqhandler.user)
 *(.exceptions.irqhandler)
 .exceptions.irqhandler
                0x0000000000000084        0x4 ../cineraria_wavplay_bsp/\libhal_bsp.a(alt_irq_entry.o)
 *(.exceptions.irqreturn.user)
 *(.exceptions.irqreturn)
 .exceptions.irqreturn
                0x0000000000000088        0x4 ../cineraria_wavplay_bsp/\libhal_bsp.a(alt_irq_entry.o)
 *(.exceptions.notirq.label)
 .exceptions.notirq.label
                0x000000000000008c        0x0 ../cineraria_wavplay_bsp/\libhal_bsp.a(alt_irq_entry.o)
 *(.exceptions.notirq.user)
 *(.exceptions.notirq)
 .exceptions.notirq
                0x000000000000008c        0x8 ../cineraria_wavplay_bsp/\libhal_bsp.a(alt_exception_entry.o)
 *(.exceptions.soft.user)
 *(.exceptions.soft)
 *(.exceptions.unknown.user)
 *(.exceptions.unknown)
 .exceptions.unknown
                0x0000000000000094       0x14 ../cineraria_wavplay_bsp/\libhal_bsp.a(alt_exception_entry.o)
 *(.exceptions.exit.label)
 .exceptions.exit.label
                0x00000000000000a8        0x0 ../cineraria_wavplay_bsp/\libhal_bsp.a(alt_irq_entry.o)
 .exceptions.exit.label
                0x00000000000000a8        0x0 ../cineraria_wavplay_bsp/\libhal_bsp.a(alt_exception_entry.o)
 *(.exceptions.exit.user)
 *(.exceptions.exit)
 .exceptions.exit
                0x00000000000000a8       0x54 ../cineraria_wavplay_bsp/\libhal_bsp.a(alt_exception_entry.o)
 *(.exceptions)
 .exceptions    0x00000000000000fc       0x64 ../cineraria_wavplay_bsp/\libhal_bsp.a(alt_irq_handler.o)
                0x00000000000000fc                alt_irq_handler
 .exceptions    0x0000000000000160       0x2c ../cineraria_wavplay_bsp/\libhal_bsp.a(alt_instruction_exception_entry.o)
                0x0000000000000160                alt_instruction_exception_entry
                0x000000000000018c                PROVIDE (__ram_exceptions_end, ABSOLUTE (.))
                0x0000000000000020                PROVIDE (__flash_exceptions_start, LOADADDR (.exceptions))

.text           0x000000000000018c    0x1cbfc
                0x000000000000018c                PROVIDE (stext, ABSOLUTE (.))
 *(.interp)
 *(.hash)
 *(.dynsym)
 *(.dynstr)
 *(.gnu.version)
 *(.gnu.version_d)
 *(.gnu.version_r)
 *(.rel.init)
 *(.rela.init)
 *(.rel.text .rel.text.* .rel.gnu.linkonce.t.*)
 *(.rela.text .rela.text.* .rela.gnu.linkonce.t.*)
 *(.rel.fini)
 *(.rela.fini)
 *(.rel.rodata .rel.rodata.* .rel.gnu.linkonce.r.*)
 *(.rela.rodata .rela.rodata.* .rela.gnu.linkonce.r.*)
 *(.rel.data .rel.data.* .rel.gnu.linkonce.d.*)
 *(.rela.data .rela.data.* .rela.gnu.linkonce.d.*)
 *(.rel.tdata .rel.tdata.* .rel.gnu.linkonce.td.*)
 *(.rela.tdata .rela.tdata.* .rela.gnu.linkonce.td.*)
 *(.rel.tbss .rel.tbss.* .rel.gnu.linkonce.tb.*)
 *(.rela.tbss .rela.tbss.* .rela.gnu.linkonce.tb.*)
 *(.rel.ctors)
 *(.rela.ctors)
 *(.rel.dtors)
 *(.rela.dtors)
 *(.rel.got)
 *(.rela.got)
 *(.rel.sdata .rel.sdata.* .rel.gnu.linkonce.s.*)
 *(.rela.sdata .rela.sdata.* .rela.gnu.linkonce.s.*)
 *(.rel.sbss .rel.sbss.* .rel.gnu.linkonce.sb.*)
 *(.rela.sbss .rela.sbss.* .rela.gnu.linkonce.sb.*)
 *(.rel.sdata2 .rel.sdata2.* .rel.gnu.linkonce.s2.*)
 *(.rela.sdata2 .rela.sdata2.* .rela.gnu.linkonce.s2.*)
 *(.rel.sbss2 .rel.sbss2.* .rel.gnu.linkonce.sb2.*)
 *(.rela.sbss2 .rela.sbss2.* .rela.gnu.linkonce.sb2.*)
 *(.rel.bss .rel.bss.* .rel.gnu.linkonce.b.*)
 *(.rela.bss .rela.bss.* .rela.gnu.linkonce.b.*)
 *(.rel.plt)
 *(.rela.plt)
 *(.rel.dyn)
 *(.init)
 *(.plt)
 *(.text .stub .text.* .gnu.linkonce.t.*)
 .text          0x000000000000018c       0x4c ../cineraria_wavplay_bsp//obj/HAL/src/crt0.o
                0x000000000000018c                _start
 .text          0x00000000000001d8      0x240 obj/default/disp7seg.o
                0x00000000000001d8                hal_alarm_callback
                0x00000000000003f0                disp7seg
 .text          0x0000000000000418      0x568 obj/default/drawwave.o
                0x0000000000000418                drawwave_init
                0x0000000000000648                drawwave
 .text          0x0000000000000980      0x15c obj/default/getfilename.o
                0x0000000000000980                open_wavdir
                0x00000000000009c8                get_wavfilename
 .text          0x0000000000000adc      0x39c obj/default/loadbmp.o
                0x0000000000000adc                loadbmp
 .text          0x0000000000000e78     0xa23c obj/default/mmcfs/fatfs/ff.o
                0x00000000000041c8                clust2sect
                0x00000000000041f4                get_fat
                0x000000000000461c                put_fat
                0x0000000000004a7c                gen_numname
                0x00000000000057d8                f_mount
                0x0000000000005808                f_open
                0x0000000000006108                f_read
                0x0000000000006538                f_write
                0x00000000000069d4                f_sync
                0x0000000000006c1c                f_close
                0x0000000000006e4c                f_lseek
                0x0000000000007134                f_opendir
                0x00000000000077b8                f_readdir
                0x0000000000007888                f_stat
                0x0000000000007ed0                f_getfree
                0x00000000000081a4                f_truncate
                0x000000000000885c                f_unlink
                0x0000000000009160                f_mkdir
                0x00000000000099e0                f_chmod
                0x000000000000a070                f_utime
                0x000000000000a704                f_rename
 .text          0x000000000000b0b4      0xb28 obj/default/mmcfs/fatfs/mmcbb.o
                0x000000000000b204                disk_status
                0x000000000000b2b4                disk_initialize
                0x000000000000b500                disk_read
                0x000000000000b6e4                disk_write
                0x000000000000b990                disk_ioctl
 .text          0x000000000000bbdc       0xe8 obj/default/mmcfs/fatfs/option/cc932.o
                0x000000000000bbdc                ff_convert
                0x000000000000bc6c                ff_wtoupper
 .text          0x000000000000bcc4        0x8 obj/default/mmcfs/gettime.o
                0x000000000000bcc4                get_fattime
 .text          0x000000000000bccc      0x274 obj/default/mmcfs/mmc_spi.o
                0x000000000000bccc                mmc_spi_SetCardSelect
                0x000000000000bce0                mmc_spi_SetCardDeselect
                0x000000000000bcf8                mmc_spi_Sendbyte
                0x000000000000bd1c                mmc_spi_Recvbyte
                0x000000000000bd4c                mmc_spi_DmaRecv
                0x000000000000be5c                mmc_spi_CheckCardDetect
                0x000000000000be70                mmc_spi_CheckWritePortect
                0x000000000000be98                mmc_spi_SetIdentClock
                0x000000000000bea8                mmc_spi_SetTransClock
                0x000000000000beb4                mmc_spi_SetTimer
                0x000000000000bec8                mmc_spi_CheckTimer
                0x000000000000bed8                mmc_spi_Wait100us
                0x000000000000bef8                mmc_spi_InitSocket
 .text          0x000000000000bf40      0x364 obj/default/mmcfs/mmcfs.o
                0x000000000000bf40                dev_mmcfs_fstat
                0x000000000000bf70                dev_mmcfs_open
                0x000000000000c090                dev_mmcfs_close
                0x000000000000c104                dev_mmcfs_read
                0x000000000000c134                dev_mmcfs_write
                0x000000000000c164                dev_mmcfs_lseek
                0x000000000000c1d0                mmcfs_setup
 .text          0x000000000000c2a4     0x1e18 obj/default/nd_lib/nd_egl.o
                0x000000000000c2a4                nd_GsVgaVsync_isr
                0x000000000000c2dc                nd_GsVgaVsync_isrenable
                0x000000000000c2fc                nd_GsVgaVsync_isrdisable
                0x000000000000c31c                nd_GsVgaScanOn
                0x000000000000c334                nd_GsVgaScanOff
                0x000000000000c350                nd_GsVgaSetBuffer
                0x000000000000c36c                nd_GsVgaInit
                0x000000000000c3a4                nd_GsVgaWaitVsync
                0x000000000000c3c4                nd_GsVgaVsync_getcount
                0x000000000000c3f0                nd_GsVgaVsync_setcount
                0x000000000000c41c                nd_GsEglPage
                0x000000000000c460                nd_GsEglColor
                0x000000000000c470                nd_GsEglPset
                0x000000000000c538                nd_GsEglBoxfill
                0x000000000000c7bc                nd_GsEglCircle
                0x000000000000ce0c                nd_GsEglLine
                0x000000000000d0f4                nd_GsEglBox
                0x000000000000d180                nd_GsEglPutcharFont
                0x000000000000d46c                nd_GsEglPutstrFont
                0x000000000000d520                nd_GsEglSetFont
                0x000000000000d52c                nd_GsEglPutchar
                0x000000000000d6c8                nd_GsEglPutstr
                0x000000000000d89c                nd_GsEglPutdec
                0x000000000000dc3c                nd_GsEglPuthex2
                0x000000000000def0                nd_GsEglPuthex8
 .text          0x000000000000e0bc      0x4e8 obj/default/playwav.o
                0x000000000000e1bc                play_init
                0x000000000000e214                play_status
                0x000000000000e230                play_getbuffdata
                0x000000000000e250                play_setvol
                0x000000000000e29c                play_stop
                0x000000000000e2fc                play_wav
 .text          0x000000000000e5a4        0x0 obj/default/wav_player.o
 .text.startup  0x000000000000e5a4      0x188 obj/default/wav_player.o
                0x000000000000e5a4                main
 .text          0x000000000000e72c       0x28 c:/develop/altera/15.0/nios2eds/bin/gnu/h-x86_64-mingw32/bin/../lib/gcc/nios2-elf/4.9.1/../../../../../H-x86_64-mingw32/nios2-elf/lib/mhw-mulx\libc.a(lib_a-malloc.o)
                0x000000000000e72c                malloc
                0x000000000000e740                free
 .text          0x000000000000e754      0x7a8 c:/develop/altera/15.0/nios2eds/bin/gnu/h-x86_64-mingw32/bin/../lib/gcc/nios2-elf/4.9.1/../../../../../H-x86_64-mingw32/nios2-elf/lib/mhw-mulx\libc.a(lib_a-mallocr.o)
                0x000000000000e754                _malloc_r
 .text          0x000000000000eefc      0x138 c:/develop/altera/15.0/nios2eds/bin/gnu/h-x86_64-mingw32/bin/../lib/gcc/nios2-elf/4.9.1/../../../../../H-x86_64-mingw32/nios2-elf/lib/mhw-mulx\libc.a(lib_a-memcpy.o)
                0x000000000000eefc                memcpy
 .text          0x000000000000f034      0x124 c:/develop/altera/15.0/nios2eds/bin/gnu/h-x86_64-mingw32/bin/../lib/gcc/nios2-elf/4.9.1/../../../../../H-x86_64-mingw32/nios2-elf/lib/mhw-mulx\libc.a(lib_a-memset.o)
                0x000000000000f034                memset
 .text          0x000000000000f158       0x68 c:/develop/altera/15.0/nios2eds/bin/gnu/h-x86_64-mingw32/bin/../lib/gcc/nios2-elf/4.9.1/../../../../../H-x86_64-mingw32/nios2-elf/lib/mhw-mulx\libc.a(lib_a-printf.o)
                0x000000000000f158                _printf_r
                0x000000000000f184                printf
 .text          0x000000000000f1c0       0xcc c:/develop/altera/15.0/nios2eds/bin/gnu/h-x86_64-mingw32/bin/../lib/gcc/nios2-elf/4.9.1/../../../../../H-x86_64-mingw32/nios2-elf/lib/mhw-mulx\libc.a(lib_a-puts.o)
                0x000000000000f1c0                _puts_r
                0x000000000000f278                puts
 .text          0x000000000000f28c       0x54 c:/develop/altera/15.0/nios2eds/bin/gnu/h-x86_64-mingw32/bin/../lib/gcc/nios2-elf/4.9.1/../../../../../H-x86_64-mingw32/nios2-elf/lib/mhw-mulx\libc.a(lib_a-sbrkr.o)
                0x000000000000f28c                _sbrk_r
 .text          0x000000000000f2e0       0x90 c:/develop/altera/15.0/nios2eds/bin/gnu/h-x86_64-mingw32/bin/../lib/gcc/nios2-elf/4.9.1/../../../../../H-x86_64-mingw32/nios2-elf/lib/mhw-mulx\libc.a(lib_a-strcpy.o)
                0x000000000000f2e0                strcpy
 .text          0x000000000000f370       0x98 c:/develop/altera/15.0/nios2eds/bin/gnu/h-x86_64-mingw32/bin/../lib/gcc/nios2-elf/4.9.1/../../../../../H-x86_64-mingw32/nios2-elf/lib/mhw-mulx\libc.a(lib_a-strlen.o)
                0x000000000000f370                strlen
 .text          0x000000000000f408     0x2020 c:/develop/altera/15.0/nios2eds/bin/gnu/h-x86_64-mingw32/bin/../lib/gcc/nios2-elf/4.9.1/../../../../../H-x86_64-mingw32/nios2-elf/lib/mhw-mulx\libc.a(lib_a-vfprintf.o)
                0x000000000000f408                ___vfprintf_internal_r
                0x0000000000011404                __vfprintf_internal
 .text          0x0000000000011428      0x130 c:/develop/altera/15.0/nios2eds/bin/gnu/h-x86_64-mingw32/bin/../lib/gcc/nios2-elf/4.9.1/../../../../../H-x86_64-mingw32/nios2-elf/lib/mhw-mulx\libc.a(lib_a-wsetup.o)
                0x0000000000011428                __swsetup_r
 .text          0x0000000000011558     0x1928 c:/develop/altera/15.0/nios2eds/bin/gnu/h-x86_64-mingw32/bin/../lib/gcc/nios2-elf/4.9.1/../../../../../H-x86_64-mingw32/nios2-elf/lib/mhw-mulx\libc.a(lib_a-dtoa.o)
                0x0000000000011758                _dtoa_r
 .text          0x0000000000012e80      0x258 c:/develop/altera/15.0/nios2eds/bin/gnu/h-x86_64-mingw32/bin/../lib/gcc/nios2-elf/4.9.1/../../../../../H-x86_64-mingw32/nios2-elf/lib/mhw-mulx\libc.a(lib_a-fflush.o)
                0x0000000000012e80                _fflush_r
                0x00000000000130a8                fflush
 .text          0x00000000000130d8      0x3a0 c:/develop/altera/15.0/nios2eds/bin/gnu/h-x86_64-mingw32/bin/../lib/gcc/nios2-elf/4.9.1/../../../../../H-x86_64-mingw32/nios2-elf/lib/mhw-mulx\libc.a(lib_a-findfp.o)
                0x00000000000130e8                _cleanup_r
                0x0000000000013294                __sfmoreglue
                0x00000000000132f8                __sfp
                0x0000000000013410                _cleanup
                0x0000000000013428                __sinit
                0x0000000000013438                __sfp_lock_acquire
                0x000000000001343c                __sfp_lock_release
                0x0000000000013440                __sinit_lock_acquire
                0x0000000000013444                __sinit_lock_release
                0x0000000000013448                __fp_lock_all
                0x0000000000013460                __fp_unlock_all
 .text          0x0000000000013478      0x414 c:/develop/altera/15.0/nios2eds/bin/gnu/h-x86_64-mingw32/bin/../lib/gcc/nios2-elf/4.9.1/../../../../../H-x86_64-mingw32/nios2-elf/lib/mhw-mulx\libc.a(lib_a-freer.o)
                0x0000000000013478                _malloc_trim_r
                0x000000000001359c                _free_r
 .text          0x000000000001388c      0x4a4 c:/develop/altera/15.0/nios2eds/bin/gnu/h-x86_64-mingw32/bin/../lib/gcc/nios2-elf/4.9.1/../../../../../H-x86_64-mingw32/nios2-elf/lib/mhw-mulx\libc.a(lib_a-fvwrite.o)
                0x000000000001388c                __sfvwrite_r
 .text          0x0000000000013d30      0x170 c:/develop/altera/15.0/nios2eds/bin/gnu/h-x86_64-mingw32/bin/../lib/gcc/nios2-elf/4.9.1/../../../../../H-x86_64-mingw32/nios2-elf/lib/mhw-mulx\libc.a(lib_a-fwalk.o)
                0x0000000000013d30                _fwalk
                0x0000000000013de8                _fwalk_reent
 .text          0x0000000000013ea0        0x0 c:/develop/altera/15.0/nios2eds/bin/gnu/h-x86_64-mingw32/bin/../lib/gcc/nios2-elf/4.9.1/../../../../../H-x86_64-mingw32/nios2-elf/lib/mhw-mulx\libc.a(lib_a-impure.o)
 .text          0x0000000000013ea0        0x0 c:/develop/altera/15.0/nios2eds/bin/gnu/h-x86_64-mingw32/bin/../lib/gcc/nios2-elf/4.9.1/../../../../../H-x86_64-mingw32/nios2-elf/lib/mhw-mulx\libc.a(lib_a-int_errno.o)
 .text          0x0000000000013ea0       0xe0 c:/develop/altera/15.0/nios2eds/bin/gnu/h-x86_64-mingw32/bin/../lib/gcc/nios2-elf/4.9.1/../../../../../H-x86_64-mingw32/nios2-elf/lib/mhw-mulx\libc.a(lib_a-locale.o)
                0x0000000000013ea0                _setlocale_r
                0x0000000000013f1c                __locale_charset
                0x0000000000013f28                __locale_mb_cur_max
                0x0000000000013f38                __locale_msgcharset
                0x0000000000013f44                __locale_cjk_lang
                0x0000000000013f4c                _localeconv_r
                0x0000000000013f58                setlocale
                0x0000000000013f74                localeconv
 .text          0x0000000000013f80      0x1b8 c:/develop/altera/15.0/nios2eds/bin/gnu/h-x86_64-mingw32/bin/../lib/gcc/nios2-elf/4.9.1/../../../../../H-x86_64-mingw32/nios2-elf/lib/mhw-mulx\libc.a(lib_a-makebuf.o)
                0x0000000000013f80                __smakebuf_r
 .text          0x0000000000014138       0xe8 c:/develop/altera/15.0/nios2eds/bin/gnu/h-x86_64-mingw32/bin/../lib/gcc/nios2-elf/4.9.1/../../../../../H-x86_64-mingw32/nios2-elf/lib/mhw-mulx\libc.a(lib_a-memchr.o)
                0x0000000000014138                memchr
 .text          0x0000000000014220      0x15c c:/develop/altera/15.0/nios2eds/bin/gnu/h-x86_64-mingw32/bin/../lib/gcc/nios2-elf/4.9.1/../../../../../H-x86_64-mingw32/nios2-elf/lib/mhw-mulx\libc.a(lib_a-memmove.o)
                0x0000000000014220                memmove
 .text          0x000000000001437c      0xf8c c:/develop/altera/15.0/nios2eds/bin/gnu/h-x86_64-mingw32/bin/../lib/gcc/nios2-elf/4.9.1/../../../../../H-x86_64-mingw32/nios2-elf/lib/mhw-mulx\libc.a(lib_a-mprec.o)
                0x000000000001437c                _Balloc
                0x0000000000014424                _Bfree
                0x000000000001444c                __multadd
                0x0000000000014560                __s2b
                0x0000000000014664                __hi0bits
                0x00000000000146cc                __lo0bits
                0x000000000001477c                __i2b
                0x00000000000147b8                __multiply
                0x00000000000149b4                __pow5mult
                0x0000000000014af4                __lshift
                0x0000000000014c3c                __mcmp
                0x0000000000014c9c                __mdiff
                0x0000000000014e34                __ulp
                0x0000000000014e94                __b2d
                0x0000000000014fb0                __d2b
                0x00000000000150ec                __ratio
                0x0000000000015190                _mprec_log10
                0x0000000000015204                __copybits
                0x000000000001527c                __any_on
 .text          0x0000000000015308      0x5a0 c:/develop/altera/15.0/nios2eds/bin/gnu/h-x86_64-mingw32/bin/../lib/gcc/nios2-elf/4.9.1/../../../../../H-x86_64-mingw32/nios2-elf/lib/mhw-mulx\libc.a(lib_a-reallocr.o)
                0x0000000000015308                _realloc_r
 .text          0x00000000000158a8       0x74 c:/develop/altera/15.0/nios2eds/bin/gnu/h-x86_64-mingw32/bin/../lib/gcc/nios2-elf/4.9.1/../../../../../H-x86_64-mingw32/nios2-elf/lib/mhw-mulx\libc.a(lib_a-s_fpclassify.o)
                0x00000000000158a8                __fpclassifyd
 .text          0x000000000001591c      0x13c c:/develop/altera/15.0/nios2eds/bin/gnu/h-x86_64-mingw32/bin/../lib/gcc/nios2-elf/4.9.1/../../../../../H-x86_64-mingw32/nios2-elf/lib/mhw-mulx\libc.a(lib_a-stdio.o)
                0x000000000001591c                __sread
                0x0000000000015970                __seofread
                0x0000000000015978                __swrite
                0x00000000000159f4                __sseek
                0x0000000000015a50                __sclose
 .text          0x0000000000015a58       0xa4 c:/develop/altera/15.0/nios2eds/bin/gnu/h-x86_64-mingw32/bin/../lib/gcc/nios2-elf/4.9.1/../../../../../H-x86_64-mingw32/nios2-elf/lib/mhw-mulx\libc.a(lib_a-strcmp.o)
                0x0000000000015a58                strcmp
 .text          0x0000000000015afc     0x1494 c:/develop/altera/15.0/nios2eds/bin/gnu/h-x86_64-mingw32/bin/../lib/gcc/nios2-elf/4.9.1/../../../../../H-x86_64-mingw32/nios2-elf/lib/mhw-mulx\libc.a(lib_a-vfiprintf.o)
                0x0000000000015bf8                __sprint_r
                0x0000000000015c10                ___vfiprintf_internal_r
                0x0000000000016f6c                __vfiprintf_internal
 .text          0x0000000000016f90       0x5c c:/develop/altera/15.0/nios2eds/bin/gnu/h-x86_64-mingw32/bin/../lib/gcc/nios2-elf/4.9.1/../../../../../H-x86_64-mingw32/nios2-elf/lib/mhw-mulx\libc.a(lib_a-writer.o)
                0x0000000000016f90                _write_r
 .text          0x0000000000016fec       0x54 c:/develop/altera/15.0/nios2eds/bin/gnu/h-x86_64-mingw32/bin/../lib/gcc/nios2-elf/4.9.1/../../../../../H-x86_64-mingw32/nios2-elf/lib/mhw-mulx\libc.a(closer.o)
                0x0000000000016fec                _close_r
 .text          0x0000000000017040       0xc4 c:/develop/altera/15.0/nios2eds/bin/gnu/h-x86_64-mingw32/bin/../lib/gcc/nios2-elf/4.9.1/../../../../../H-x86_64-mingw32/nios2-elf/lib/mhw-mulx\libc.a(lib_a-callocr.o)
                0x0000000000017040                _calloc_r
 .text          0x0000000000017104      0x114 c:/develop/altera/15.0/nios2eds/bin/gnu/h-x86_64-mingw32/bin/../lib/gcc/nios2-elf/4.9.1/../../../../../H-x86_64-mingw32/nios2-elf/lib/mhw-mulx\libc.a(lib_a-fclose.o)
                0x0000000000017104                _fclose_r
                0x0000000000017204                fclose
 .text          0x0000000000017218      0x1dc c:/develop/altera/15.0/nios2eds/bin/gnu/h-x86_64-mingw32/bin/../lib/gcc/nios2-elf/4.9.1/../../../../../H-x86_64-mingw32/nios2-elf/lib/mhw-mulx\libc.a(lib_a-fputwc.o)
                0x0000000000017218                _fputwc_r
                0x000000000001739c                fputwc
 .text          0x00000000000173f4       0x58 c:/develop/altera/15.0/nios2eds/bin/gnu/h-x86_64-mingw32/bin/../lib/gcc/nios2-elf/4.9.1/../../../../../H-x86_64-mingw32/nios2-elf/lib/mhw-mulx\libc.a(lib_a-fstatr.o)
                0x00000000000173f4                _fstat_r
 .text          0x000000000001744c       0x54 c:/develop/altera/15.0/nios2eds/bin/gnu/h-x86_64-mingw32/bin/../lib/gcc/nios2-elf/4.9.1/../../../../../H-x86_64-mingw32/nios2-elf/lib/mhw-mulx\libc.a(lib_a-isattyr.o)
                0x000000000001744c                _isatty_r
 .text          0x00000000000174a0       0x5c c:/develop/altera/15.0/nios2eds/bin/gnu/h-x86_64-mingw32/bin/../lib/gcc/nios2-elf/4.9.1/../../../../../H-x86_64-mingw32/nios2-elf/lib/mhw-mulx\libc.a(lib_a-lseekr.o)
                0x00000000000174a0                _lseek_r
 .text          0x00000000000174fc       0x5c c:/develop/altera/15.0/nios2eds/bin/gnu/h-x86_64-mingw32/bin/../lib/gcc/nios2-elf/4.9.1/../../../../../H-x86_64-mingw32/nios2-elf/lib/mhw-mulx\libc.a(lib_a-readr.o)
                0x00000000000174fc                _read_r
 .text          0x0000000000017558      0x170 c:/develop/altera/15.0/nios2eds/bin/gnu/h-x86_64-mingw32/bin/../lib/gcc/nios2-elf/4.9.1/../../../../../H-x86_64-mingw32/nios2-elf/lib/mhw-mulx\libc.a(lib_a-wbuf.o)
                0x0000000000017558                __swbuf_r
                0x00000000000176ac                __swbuf
 .text          0x00000000000176c8      0x174 c:/develop/altera/15.0/nios2eds/bin/gnu/h-x86_64-mingw32/bin/../lib/gcc/nios2-elf/4.9.1/../../../../../H-x86_64-mingw32/nios2-elf/lib/mhw-mulx\libc.a(lib_a-wcrtomb.o)
                0x00000000000176c8                _wcrtomb_r
                0x0000000000017764                wcrtomb
 .text          0x000000000001783c       0x8c c:/develop/altera/15.0/nios2eds/bin/gnu/h-x86_64-mingw32/bin/../lib/gcc/nios2-elf/4.9.1/../../../../../H-x86_64-mingw32/nios2-elf/lib/mhw-mulx\libc.a(lib_a-wctomb_r.o)
                0x000000000001783c                __ascii_wctomb
                0x000000000001786c                _wctomb_r
 .text          0x00000000000178c8      0x5c0 c:/develop/altera/15.0/nios2eds/bin/gnu/h-x86_64-mingw32/bin/../lib/gcc/nios2-elf/4.9.1/mhw-mulx\libgcc.a(_udivdi3.o)
                0x00000000000178c8                __udivdi3
 .text          0x0000000000017e88      0x590 c:/develop/altera/15.0/nios2eds/bin/gnu/h-x86_64-mingw32/bin/../lib/gcc/nios2-elf/4.9.1/mhw-mulx\libgcc.a(_umoddi3.o)
                0x0000000000017e88                __umoddi3
 .text          0x0000000000018418      0x12c c:/develop/altera/15.0/nios2eds/bin/gnu/h-x86_64-mingw32/bin/../lib/gcc/nios2-elf/4.9.1/mhw-mulx\libgcc.a(lib2-divmod.o)
                0x0000000000018484                __divsi3
                0x00000000000184d8                __modsi3
                0x0000000000018534                __udivsi3
                0x000000000001853c                __umodsi3
 .text          0x0000000000018544      0x89c c:/develop/altera/15.0/nios2eds/bin/gnu/h-x86_64-mingw32/bin/../lib/gcc/nios2-elf/4.9.1/mhw-mulx\libgcc.a(adddf3.o)
                0x0000000000018544                __adddf3
 .text          0x0000000000018de0      0x8cc c:/develop/altera/15.0/nios2eds/bin/gnu/h-x86_64-mingw32/bin/../lib/gcc/nios2-elf/4.9.1/mhw-mulx\libgcc.a(divdf3.o)
                0x0000000000018de0                __divdf3
 .text          0x00000000000196ac       0x84 c:/develop/altera/15.0/nios2eds/bin/gnu/h-x86_64-mingw32/bin/../lib/gcc/nios2-elf/4.9.1/mhw-mulx\libgcc.a(eqdf2.o)
                0x00000000000196ac                __nedf2
                0x00000000000196ac                __eqdf2
 .text          0x0000000000019730       0xe0 c:/develop/altera/15.0/nios2eds/bin/gnu/h-x86_64-mingw32/bin/../lib/gcc/nios2-elf/4.9.1/mhw-mulx\libgcc.a(gedf2.o)
                0x0000000000019730                __gedf2
                0x0000000000019730                __gtdf2
 .text          0x0000000000019810       0xe0 c:/develop/altera/15.0/nios2eds/bin/gnu/h-x86_64-mingw32/bin/../lib/gcc/nios2-elf/4.9.1/mhw-mulx\libgcc.a(ledf2.o)
                0x0000000000019810                __ledf2
                0x0000000000019810                __ltdf2
 .text          0x00000000000198f0      0x724 c:/develop/altera/15.0/nios2eds/bin/gnu/h-x86_64-mingw32/bin/../lib/gcc/nios2-elf/4.9.1/mhw-mulx\libgcc.a(muldf3.o)
                0x00000000000198f0                __muldf3
 .text          0x000000000001a014      0x8d0 c:/develop/altera/15.0/nios2eds/bin/gnu/h-x86_64-mingw32/bin/../lib/gcc/nios2-elf/4.9.1/mhw-mulx\libgcc.a(subdf3.o)
                0x000000000001a014                __subdf3
 .text          0x000000000001a8e4       0x88 c:/develop/altera/15.0/nios2eds/bin/gnu/h-x86_64-mingw32/bin/../lib/gcc/nios2-elf/4.9.1/mhw-mulx\libgcc.a(fixdfsi.o)
                0x000000000001a8e4                __fixdfsi
 .text          0x000000000001a96c       0xd0 c:/develop/altera/15.0/nios2eds/bin/gnu/h-x86_64-mingw32/bin/../lib/gcc/nios2-elf/4.9.1/mhw-mulx\libgcc.a(floatsidf.o)
                0x000000000001a96c                __floatsidf
 .text          0x000000000001aa3c       0xa4 c:/develop/altera/15.0/nios2eds/bin/gnu/h-x86_64-mingw32/bin/../lib/gcc/nios2-elf/4.9.1/mhw-mulx\libgcc.a(floatunsidf.o)
                0x000000000001aa3c                __floatunsidf
 .text          0x000000000001aae0        0x0 c:/develop/altera/15.0/nios2eds/bin/gnu/h-x86_64-mingw32/bin/../lib/gcc/nios2-elf/4.9.1/mhw-mulx\libgcc.a(_clz.o)
 .text          0x000000000001aae0       0x64 c:/develop/altera/15.0/nios2eds/bin/gnu/h-x86_64-mingw32/bin/../lib/gcc/nios2-elf/4.9.1/mhw-mulx\libgcc.a(_clzsi2.o)
                0x000000000001aae0                __clzsi2
 .text          0x000000000001ab44       0x94 ../cineraria_wavplay_bsp/\libhal_bsp.a(alt_alarm_start.o)
                0x000000000001ab44                alt_alarm_start
 .text          0x000000000001abd8       0xd0 ../cineraria_wavplay_bsp/\libhal_bsp.a(alt_close.o)
                0x000000000001abd8                close
 .text          0x000000000001aca8        0x8 ../cineraria_wavplay_bsp/\libhal_bsp.a(alt_dev.o)
 .text          0x000000000001acb0        0x0 ../cineraria_wavplay_bsp/\libhal_bsp.a(alt_errno.o)
 .text          0x000000000001acb0       0x38 ../cineraria_wavplay_bsp/\libhal_bsp.a(alt_fs_reg.o)
                0x000000000001acb0                alt_fs_reg
 .text          0x000000000001ace8       0x80 ../cineraria_wavplay_bsp/\libhal_bsp.a(alt_fstat.o)
                0x000000000001ace8                fstat
 .text          0x000000000001ad68       0x9c ../cineraria_wavplay_bsp/\libhal_bsp.a(alt_iic.o)
                0x000000000001ad68                alt_ic_isr_register
                0x000000000001ad6c                alt_ic_irq_enable
                0x000000000001adac                alt_ic_irq_disable
                0x000000000001adec                alt_ic_irq_enabled
 .text          0x000000000001ae04       0x68 ../cineraria_wavplay_bsp/\libhal_bsp.a(alt_iic_isr_register.o)
                0x000000000001ae04                alt_iic_isr_register
 .text          0x000000000001ae6c        0x0 ../cineraria_wavplay_bsp/\libhal_bsp.a(alt_irq_entry.o)
 .text          0x000000000001ae6c        0x0 ../cineraria_wavplay_bsp/\libhal_bsp.a(alt_irq_handler.o)
 .text          0x000000000001ae6c        0x0 ../cineraria_wavplay_bsp/\libhal_bsp.a(alt_irq_vars.o)
 .text          0x000000000001ae6c       0x8c ../cineraria_wavplay_bsp/\libhal_bsp.a(alt_isatty.o)
                0x000000000001ae6c                isatty
 .text          0x000000000001aef8       0xcc ../cineraria_wavplay_bsp/\libhal_bsp.a(alt_load.o)
                0x000000000001aef8                alt_load
 .text          0x000000000001afc4       0x84 ../cineraria_wavplay_bsp/\libhal_bsp.a(alt_lseek.o)
                0x000000000001afc4                lseek
 .text          0x000000000001b048       0x60 ../cineraria_wavplay_bsp/\libhal_bsp.a(alt_main.o)
                0x000000000001b048                alt_main
 .text          0x000000000001b0a8        0x8 ../cineraria_wavplay_bsp/\libhal_bsp.a(alt_malloc_lock.o)
                0x000000000001b0a8                __malloc_lock
                0x000000000001b0ac                __malloc_unlock
 .text          0x000000000001b0b0       0xe8 ../cineraria_wavplay_bsp/\libhal_bsp.a(alt_read.o)
                0x000000000001b0b0                read
 .text          0x000000000001b198       0x24 ../cineraria_wavplay_bsp/\libhal_bsp.a(alt_release_fd.o)
                0x000000000001b198                alt_release_fd
 .text          0x000000000001b1bc       0x4c ../cineraria_wavplay_bsp/\libhal_bsp.a(alt_sbrk.o)
                0x000000000001b1bc                sbrk
 .text          0x000000000001b208      0x12c ../cineraria_wavplay_bsp/\libhal_bsp.a(alt_tick.o)
                0x000000000001b208                alt_alarm_stop
                0x000000000001b23c                alt_tick
 .text          0x000000000001b334       0x10 ../cineraria_wavplay_bsp/\libhal_bsp.a(alt_uncached_free.o)
                0x000000000001b334                alt_uncached_free
 .text          0x000000000001b344       0x5c ../cineraria_wavplay_bsp/\libhal_bsp.a(alt_uncached_malloc.o)
                0x000000000001b344                alt_uncached_malloc
 .text          0x000000000001b3a0       0xe4 ../cineraria_wavplay_bsp/\libhal_bsp.a(alt_write.o)
                0x000000000001b3a0                write
 .text          0x000000000001b484       0x84 ../cineraria_wavplay_bsp/\libhal_bsp.a(alt_sys_init.o)
                0x000000000001b484                alt_irq_init
                0x000000000001b4a4                alt_sys_init
 .text          0x000000000001b508       0x3c ../cineraria_wavplay_bsp/\libhal_bsp.a(altera_avalon_jtag_uart_fd.o)
                0x000000000001b508                altera_avalon_jtag_uart_read_fd
                0x000000000001b518                altera_avalon_jtag_uart_write_fd
                0x000000000001b528                altera_avalon_jtag_uart_close_fd
                0x000000000001b538                altera_avalon_jtag_uart_ioctl_fd
 .text          0x000000000001b544      0x22c ../cineraria_wavplay_bsp/\libhal_bsp.a(altera_avalon_jtag_uart_init.o)
                0x000000000001b6a0                altera_avalon_jtag_uart_init
                0x000000000001b720                altera_avalon_jtag_uart_close
 .text          0x000000000001b770       0x74 ../cineraria_wavplay_bsp/\libhal_bsp.a(altera_avalon_jtag_uart_ioctl.o)
                0x000000000001b770                altera_avalon_jtag_uart_ioctl
 .text          0x000000000001b7e4      0x13c ../cineraria_wavplay_bsp/\libhal_bsp.a(altera_avalon_jtag_uart_read.o)
                0x000000000001b7e4                altera_avalon_jtag_uart_read
 .text          0x000000000001b920      0x1a0 ../cineraria_wavplay_bsp/\libhal_bsp.a(altera_avalon_jtag_uart_write.o)
                0x000000000001b920                altera_avalon_jtag_uart_write
 .text          0x000000000001bac0       0x8c ../cineraria_wavplay_bsp/\libhal_bsp.a(altera_avalon_timer_sc.o)
                0x000000000001bafc                alt_avalon_timer_sc_init
 .text          0x000000000001bb4c      0x598 ../cineraria_wavplay_bsp/\libhal_bsp.a(altera_epcq_controller.o)
                0x000000000001bb4c                alt_epcq_controller_lock
                0x000000000001bbe0                alt_epcq_controller_get_info
                0x000000000001bc1c                alt_epcq_controller_erase_block
                0x000000000001bc8c                alt_epcq_controller_write_block
                0x000000000001bdec                alt_epcq_controller_write
                0x000000000001bf5c                alt_epcq_controller_read
                0x000000000001bfa8                altera_epcq_controller_init
 .text          0x000000000001c0e4       0x60 ../cineraria_wavplay_bsp/\libhal_bsp.a(alt_busy_sleep.o)
                0x000000000001c0e4                alt_busy_sleep
 .text          0x000000000001c144       0x40 ../cineraria_wavplay_bsp/\libhal_bsp.a(alt_dcache_flush.o)
                0x000000000001c144                alt_dcache_flush
 .text          0x000000000001c184       0x18 ../cineraria_wavplay_bsp/\libhal_bsp.a(alt_dcache_flush_all.o)
                0x000000000001c184                alt_dcache_flush_all
 .text          0x000000000001c19c       0x78 ../cineraria_wavplay_bsp/\libhal_bsp.a(alt_dev_llist_insert.o)
                0x000000000001c19c                alt_dev_llist_insert
 .text          0x000000000001c214       0x64 ../cineraria_wavplay_bsp/\libhal_bsp.a(alt_do_ctors.o)
                0x000000000001c214                _do_ctors
 .text          0x000000000001c278       0x64 ../cineraria_wavplay_bsp/\libhal_bsp.a(alt_do_dtors.o)
                0x000000000001c278                _do_dtors
 .text          0x000000000001c2dc        0x0 ../cineraria_wavplay_bsp/\libhal_bsp.a(alt_exception_entry.o)
 .text          0x000000000001c2dc       0x64 ../cineraria_wavplay_bsp/\libhal_bsp.a(alt_flash_dev.o)
                0x000000000001c2dc                alt_flash_open_dev
                0x000000000001c32c                alt_flash_close_dev
 .text          0x000000000001c340        0xc ../cineraria_wavplay_bsp/\libhal_bsp.a(alt_icache_flush_all.o)
                0x000000000001c340                alt_icache_flush_all
 .text          0x000000000001c34c       0x74 ../cineraria_wavplay_bsp/\libhal_bsp.a(alt_instruction_exception_entry.o)
                0x000000000001c34c                alt_exception_cause_generated_bad_addr
 .text          0x000000000001c3c0      0x104 ../cineraria_wavplay_bsp/\libhal_bsp.a(alt_io_redirect.o)
                0x000000000001c3c0                alt_io_redirect
 .text          0x000000000001c4c4      0x1a0 ../cineraria_wavplay_bsp/\libhal_bsp.a(alt_open.o)
                0x000000000001c4c4                open
 .text          0x000000000001c664        0x8 ../cineraria_wavplay_bsp/\libhal_bsp.a(altera_nios2_gen2_irq.o)
                0x000000000001c664                altera_nios2_gen2_irq_init
 .text          0x000000000001c66c       0x78 ../cineraria_wavplay_bsp/\libhal_bsp.a(alt_find_dev.o)
                0x000000000001c66c                alt_find_dev
 .text          0x000000000001c6e4       0xb0 ../cineraria_wavplay_bsp/\libhal_bsp.a(alt_find_file.o)
                0x000000000001c6e4                alt_find_file
 .text          0x000000000001c794       0x50 ../cineraria_wavplay_bsp/\libhal_bsp.a(alt_get_fd.o)
                0x000000000001c794                alt_get_fd
 .text          0x000000000001c7e4       0x50 ../cineraria_wavplay_bsp/\libhal_bsp.a(alt_icache_flush.o)
                0x000000000001c7e4                alt_icache_flush
 .text          0x000000000001c834       0x14 c:/develop/altera/15.0/nios2eds/bin/gnu/h-x86_64-mingw32/bin/../lib/gcc/nios2-elf/4.9.1/../../../../../H-x86_64-mingw32/nios2-elf/lib/mhw-mulx\libc.a(lib_a-atexit.o)
                0x000000000001c834                atexit
 .text          0x000000000001c848       0x38 c:/develop/altera/15.0/nios2eds/bin/gnu/h-x86_64-mingw32/bin/../lib/gcc/nios2-elf/4.9.1/../../../../../H-x86_64-mingw32/nios2-elf/lib/mhw-mulx\libc.a(lib_a-exit.o)
                0x000000000001c848                exit
 .text          0x000000000001c880       0x1c c:/develop/altera/15.0/nios2eds/bin/gnu/h-x86_64-mingw32/bin/../lib/gcc/nios2-elf/4.9.1/../../../../../H-x86_64-mingw32/nios2-elf/lib/mhw-mulx\libc.a(lib_a-malign.o)
                0x000000000001c880                memalign
 .text          0x000000000001c89c      0x1b4 c:/develop/altera/15.0/nios2eds/bin/gnu/h-x86_64-mingw32/bin/../lib/gcc/nios2-elf/4.9.1/../../../../../H-x86_64-mingw32/nios2-elf/lib/mhw-mulx\libc.a(lib_a-malignr.o)
                0x000000000001c89c                _memalign_r
 .text          0x000000000001ca50       0x7c c:/develop/altera/15.0/nios2eds/bin/gnu/h-x86_64-mingw32/bin/../lib/gcc/nios2-elf/4.9.1/../../../../../H-x86_64-mingw32/nios2-elf/lib/mhw-mulx\libc.a(lib_a-memcmp.o)
                0x000000000001ca50                memcmp
 .text          0x000000000001cacc      0x114 c:/develop/altera/15.0/nios2eds/bin/gnu/h-x86_64-mingw32/bin/../lib/gcc/nios2-elf/4.9.1/../../../../../H-x86_64-mingw32/nios2-elf/lib/mhw-mulx\libc.a(lib_a-__atexit.o)
                0x000000000001cacc                __register_exitproc
 .text          0x000000000001cbe0      0x194 c:/develop/altera/15.0/nios2eds/bin/gnu/h-x86_64-mingw32/bin/../lib/gcc/nios2-elf/4.9.1/../../../../../H-x86_64-mingw32/nios2-elf/lib/mhw-mulx\libc.a(lib_a-__call_atexit.o)
                0x000000000001cbe0                __call_exitprocs
 .text          0x000000000001cd74       0x14 ../cineraria_wavplay_bsp/\libhal_bsp.a(alt_exit.o)
                0x000000000001cd74                _exit
 *(.gnu.warning.*)
 *(.fini)
                0x000000000001cd88                PROVIDE (__etext, ABSOLUTE (.))
                0x000000000001cd88                PROVIDE (_etext, ABSOLUTE (.))
                0x000000000001cd88                PROVIDE (etext, ABSOLUTE (.))
 *(.eh_frame_hdr)
                0x000000000001cd88                . = ALIGN (0x4)
                0x000000000001cd88                PROVIDE (__preinit_array_start, ABSOLUTE (.))
 *(.preinit_array)
                0x000000000001cd88                PROVIDE (__preinit_array_end, ABSOLUTE (.))
                0x000000000001cd88                PROVIDE (__init_array_start, ABSOLUTE (.))
 *(.init_array)
                0x000000000001cd88                PROVIDE (__init_array_end, ABSOLUTE (.))
                0x000000000001cd88                PROVIDE (__fini_array_start, ABSOLUTE (.))
 *(.fini_array)
                0x000000000001cd88                PROVIDE (__fini_array_end, ABSOLUTE (.))
 *(.eh_frame)
 *(.gcc_except_table .gcc_except_table.*)
 *(.dynamic)
                0x000000000001cd88                PROVIDE (__CTOR_LIST__, ABSOLUTE (.))
 *(.ctors)
 *(SORT(.ctors.*))
                0x000000000001cd88                PROVIDE (__CTOR_END__, ABSOLUTE (.))
                0x000000000001cd88                PROVIDE (__DTOR_LIST__, ABSOLUTE (.))
 *(.dtors)
 *(SORT(.dtors.*))
                0x000000000001cd88                PROVIDE (__DTOR_END__, ABSOLUTE (.))
 *(.jcr)
                0x000000000001cd88                . = ALIGN (0x4)

.rodata         0x000000000001cd88     0xf2e8
                0x000000000001cd88                PROVIDE (__ram_rodata_start, ABSOLUTE (.))
                0x000000000001cd88                . = ALIGN (0x4)
 *(.rodata .rodata.* .gnu.linkonce.r.*)
 .rodata.str1.4
                0x000000000001cd88       0x95 obj/default/loadbmp.o
                                         0x98 (size before relaxing)
 *fill*         0x000000000001ce1d        0x3 
 .rodata.str1.4
                0x000000000001ce20       0x13 obj/default/mmcfs/fatfs/ff.o
                                         0x14 (size before relaxing)
 .rodata        0x000000000001ce33        0xd obj/default/mmcfs/fatfs/ff.o
 .rodata        0x000000000001ce40     0xeab0 obj/default/mmcfs/fatfs/option/cc932.o
 .rodata.str1.4
                0x000000000002b8f0        0x7 obj/default/mmcfs/mmcfs.o
                                          0x8 (size before relaxing)
 .rodata        0x000000000002b8f7      0x400 obj/default/nd_lib/nd_egl.o
                0x000000000002b8f7                nd_GsEglRomFont
 *fill*         0x000000000002bcf7        0x1 
 .rodata.str1.4
                0x000000000002bcf8       0x28 obj/default/playwav.o
                                         0x68 (size before relaxing)
 .rodata.str1.4
                0x000000000002bd20       0x55 obj/default/wav_player.o
                                         0x58 (size before relaxing)
 .rodata.str1.4
                0x0000000000000000       0x55 c:/develop/altera/15.0/nios2eds/bin/gnu/h-x86_64-mingw32/bin/../lib/gcc/nios2-elf/4.9.1/../../../../../H-x86_64-mingw32/nios2-elf/lib/mhw-mulx\libc.a(lib_a-puts.o)
                                          0x4 (size before relaxing)
 *fill*         0x000000000002bd75        0x3 
 .rodata.str1.4
                0x000000000002bd78       0x42 c:/develop/altera/15.0/nios2eds/bin/gnu/h-x86_64-mingw32/bin/../lib/gcc/nios2-elf/4.9.1/../../../../../H-x86_64-mingw32/nios2-elf/lib/mhw-mulx\libc.a(lib_a-vfprintf.o)
                                         0x44 (size before relaxing)
 .rodata        0x000000000002bdba       0x20 c:/develop/altera/15.0/nios2eds/bin/gnu/h-x86_64-mingw32/bin/../lib/gcc/nios2-elf/4.9.1/../../../../../H-x86_64-mingw32/nios2-elf/lib/mhw-mulx\libc.a(lib_a-vfprintf.o)
 *fill*         0x000000000002bdda        0x2 
 .rodata.str1.4
                0x000000000002bddc       0x10 c:/develop/altera/15.0/nios2eds/bin/gnu/h-x86_64-mingw32/bin/../lib/gcc/nios2-elf/4.9.1/../../../../../H-x86_64-mingw32/nios2-elf/lib/mhw-mulx\libc.a(lib_a-dtoa.o)
                                         0x14 (size before relaxing)
 .rodata.str1.4
                0x000000000002bdec        0x2 c:/develop/altera/15.0/nios2eds/bin/gnu/h-x86_64-mingw32/bin/../lib/gcc/nios2-elf/4.9.1/../../../../../H-x86_64-mingw32/nios2-elf/lib/mhw-mulx\libc.a(lib_a-impure.o)
                                          0x4 (size before relaxing)
 *fill*         0x000000000002bdee        0x2 
 .rodata.str1.4
                0x000000000002bdf0        0xa c:/develop/altera/15.0/nios2eds/bin/gnu/h-x86_64-mingw32/bin/../lib/gcc/nios2-elf/4.9.1/../../../../../H-x86_64-mingw32/nios2-elf/lib/mhw-mulx\libc.a(lib_a-locale.o)
                                         0x14 (size before relaxing)
 *fill*         0x000000000002bdfa        0x2 
 .rodata        0x000000000002bdfc      0x124 c:/develop/altera/15.0/nios2eds/bin/gnu/h-x86_64-mingw32/bin/../lib/gcc/nios2-elf/4.9.1/../../../../../H-x86_64-mingw32/nios2-elf/lib/mhw-mulx\libc.a(lib_a-mprec.o)
                0x000000000002be08                __mprec_tinytens
                0x000000000002be30                __mprec_bigtens
                0x000000000002be58                __mprec_tens
 .rodata.str1.4
                0x0000000000000000       0x30 c:/develop/altera/15.0/nios2eds/bin/gnu/h-x86_64-mingw32/bin/../lib/gcc/nios2-elf/4.9.1/../../../../../H-x86_64-mingw32/nios2-elf/lib/mhw-mulx\libc.a(lib_a-vfiprintf.o)
 .rodata        0x000000000002bf20       0x20 c:/develop/altera/15.0/nios2eds/bin/gnu/h-x86_64-mingw32/bin/../lib/gcc/nios2-elf/4.9.1/../../../../../H-x86_64-mingw32/nios2-elf/lib/mhw-mulx\libc.a(lib_a-vfiprintf.o)
 .rodata        0x000000000002bf40      0x100 c:/develop/altera/15.0/nios2eds/bin/gnu/h-x86_64-mingw32/bin/../lib/gcc/nios2-elf/4.9.1/mhw-mulx\libgcc.a(_clz.o)
                0x000000000002bf40                __clz_tab
 .rodata.str1.4
                0x000000000002c040        0xa ../cineraria_wavplay_bsp/\libhal_bsp.a(alt_dev.o)
                                          0xc (size before relaxing)
 *fill*         0x000000000002c04a        0x2 
 .rodata.str1.4
                0x000000000002c04c        0xf ../cineraria_wavplay_bsp/\libhal_bsp.a(alt_main.o)
                                         0x10 (size before relaxing)
 *fill*         0x000000000002c05b        0x1 
 .rodata.str1.4
                0x000000000002c05c       0x14 ../cineraria_wavplay_bsp/\libhal_bsp.a(alt_sys_init.o)
                                         0x24 (size before relaxing)
 *(.rodata1)
                0x000000000002c070                . = ALIGN (0x4)
                0x000000000002c070                PROVIDE (__ram_rodata_end, ABSOLUTE (.))
                0x000000000001cd88                PROVIDE (__flash_rodata_start, LOADADDR (.rodata))

.rwdata         0x000000000002c070     0x1bfc
                0x000000000002c070                PROVIDE (__ram_rwdata_start, ABSOLUTE (.))
                0x000000000002c070                . = ALIGN (0x4)
 *(.got.plt)
 *(.got)
 *(.data1)
 *(.data .data.* .gnu.linkonce.d.*)
 .data          0x000000000002c070        0x0 ../cineraria_wavplay_bsp//obj/HAL/src/crt0.o
 .data          0x000000000002c070        0x0 obj/default/disp7seg.o
 .data          0x000000000002c070        0x0 obj/default/drawwave.o
 .data          0x000000000002c070        0x0 obj/default/getfilename.o
 .data          0x000000000002c070        0x0 obj/default/loadbmp.o
 .data          0x000000000002c070        0x0 obj/default/mmcfs/fatfs/ff.o
 .data          0x000000000002c070        0x0 obj/default/mmcfs/fatfs/mmcbb.o
 .data          0x000000000002c070        0x0 obj/default/mmcfs/fatfs/option/cc932.o
 .data          0x000000000002c070        0x0 obj/default/mmcfs/gettime.o
 .data          0x000000000002c070        0x0 obj/default/mmcfs/mmc_spi.o
 .data          0x000000000002c070       0x28 obj/default/mmcfs/mmcfs.o
 .data          0x000000000002c098        0x0 obj/default/nd_lib/nd_egl.o
 .data          0x000000000002c098        0x0 obj/default/playwav.o
 .data          0x000000000002c098        0x0 obj/default/wav_player.o
 .data          0x000000000002c098        0x0 c:/develop/altera/15.0/nios2eds/bin/gnu/h-x86_64-mingw32/bin/../lib/gcc/nios2-elf/4.9.1/../../../../../H-x86_64-mingw32/nios2-elf/lib/mhw-mulx\libc.a(lib_a-malloc.o)
 .data          0x000000000002c098      0x408 c:/develop/altera/15.0/nios2eds/bin/gnu/h-x86_64-mingw32/bin/../lib/gcc/nios2-elf/4.9.1/../../../../../H-x86_64-mingw32/nios2-elf/lib/mhw-mulx\libc.a(lib_a-mallocr.o)
                0x000000000002c098                __malloc_av_
 .data          0x000000000002c4a0        0x0 c:/develop/altera/15.0/nios2eds/bin/gnu/h-x86_64-mingw32/bin/../lib/gcc/nios2-elf/4.9.1/../../../../../H-x86_64-mingw32/nios2-elf/lib/mhw-mulx\libc.a(lib_a-memcpy.o)
 .data          0x000000000002c4a0        0x0 c:/develop/altera/15.0/nios2eds/bin/gnu/h-x86_64-mingw32/bin/../lib/gcc/nios2-elf/4.9.1/../../../../../H-x86_64-mingw32/nios2-elf/lib/mhw-mulx\libc.a(lib_a-memset.o)
 .data          0x000000000002c4a0        0x0 c:/develop/altera/15.0/nios2eds/bin/gnu/h-x86_64-mingw32/bin/../lib/gcc/nios2-elf/4.9.1/../../../../../H-x86_64-mingw32/nios2-elf/lib/mhw-mulx\libc.a(lib_a-printf.o)
 .data          0x000000000002c4a0        0x0 c:/develop/altera/15.0/nios2eds/bin/gnu/h-x86_64-mingw32/bin/../lib/gcc/nios2-elf/4.9.1/../../../../../H-x86_64-mingw32/nios2-elf/lib/mhw-mulx\libc.a(lib_a-puts.o)
 .data          0x000000000002c4a0        0x0 c:/develop/altera/15.0/nios2eds/bin/gnu/h-x86_64-mingw32/bin/../lib/gcc/nios2-elf/4.9.1/../../../../../H-x86_64-mingw32/nios2-elf/lib/mhw-mulx\libc.a(lib_a-sbrkr.o)
 .data          0x000000000002c4a0        0x0 c:/develop/altera/15.0/nios2eds/bin/gnu/h-x86_64-mingw32/bin/../lib/gcc/nios2-elf/4.9.1/../../../../../H-x86_64-mingw32/nios2-elf/lib/mhw-mulx\libc.a(lib_a-strcpy.o)
 .data          0x000000000002c4a0        0x0 c:/develop/altera/15.0/nios2eds/bin/gnu/h-x86_64-mingw32/bin/../lib/gcc/nios2-elf/4.9.1/../../../../../H-x86_64-mingw32/nios2-elf/lib/mhw-mulx\libc.a(lib_a-strlen.o)
 .data          0x000000000002c4a0        0x0 c:/develop/altera/15.0/nios2eds/bin/gnu/h-x86_64-mingw32/bin/../lib/gcc/nios2-elf/4.9.1/../../../../../H-x86_64-mingw32/nios2-elf/lib/mhw-mulx\libc.a(lib_a-vfprintf.o)
 .data          0x000000000002c4a0        0x0 c:/develop/altera/15.0/nios2eds/bin/gnu/h-x86_64-mingw32/bin/../lib/gcc/nios2-elf/4.9.1/../../../../../H-x86_64-mingw32/nios2-elf/lib/mhw-mulx\libc.a(lib_a-wsetup.o)
 .data          0x000000000002c4a0        0x0 c:/develop/altera/15.0/nios2eds/bin/gnu/h-x86_64-mingw32/bin/../lib/gcc/nios2-elf/4.9.1/../../../../../H-x86_64-mingw32/nios2-elf/lib/mhw-mulx\libc.a(lib_a-dtoa.o)
 .data          0x000000000002c4a0        0x0 c:/develop/altera/15.0/nios2eds/bin/gnu/h-x86_64-mingw32/bin/../lib/gcc/nios2-elf/4.9.1/../../../../../H-x86_64-mingw32/nios2-elf/lib/mhw-mulx\libc.a(lib_a-fflush.o)
 .data          0x000000000002c4a0        0x0 c:/develop/altera/15.0/nios2eds/bin/gnu/h-x86_64-mingw32/bin/../lib/gcc/nios2-elf/4.9.1/../../../../../H-x86_64-mingw32/nios2-elf/lib/mhw-mulx\libc.a(lib_a-findfp.o)
 .data          0x000000000002c4a0        0x0 c:/develop/altera/15.0/nios2eds/bin/gnu/h-x86_64-mingw32/bin/../lib/gcc/nios2-elf/4.9.1/../../../../../H-x86_64-mingw32/nios2-elf/lib/mhw-mulx\libc.a(lib_a-freer.o)
 .data          0x000000000002c4a0        0x0 c:/develop/altera/15.0/nios2eds/bin/gnu/h-x86_64-mingw32/bin/../lib/gcc/nios2-elf/4.9.1/../../../../../H-x86_64-mingw32/nios2-elf/lib/mhw-mulx\libc.a(lib_a-fvwrite.o)
 .data          0x000000000002c4a0        0x0 c:/develop/altera/15.0/nios2eds/bin/gnu/h-x86_64-mingw32/bin/../lib/gcc/nios2-elf/4.9.1/../../../../../H-x86_64-mingw32/nios2-elf/lib/mhw-mulx\libc.a(lib_a-fwalk.o)
 .data          0x000000000002c4a0      0x424 c:/develop/altera/15.0/nios2eds/bin/gnu/h-x86_64-mingw32/bin/../lib/gcc/nios2-elf/4.9.1/../../../../../H-x86_64-mingw32/nios2-elf/lib/mhw-mulx\libc.a(lib_a-impure.o)
 .data          0x000000000002c8c4        0x0 c:/develop/altera/15.0/nios2eds/bin/gnu/h-x86_64-mingw32/bin/../lib/gcc/nios2-elf/4.9.1/../../../../../H-x86_64-mingw32/nios2-elf/lib/mhw-mulx\libc.a(lib_a-int_errno.o)
 .data          0x000000000002c8c4       0x78 c:/develop/altera/15.0/nios2eds/bin/gnu/h-x86_64-mingw32/bin/../lib/gcc/nios2-elf/4.9.1/../../../../../H-x86_64-mingw32/nios2-elf/lib/mhw-mulx\libc.a(lib_a-locale.o)
 .data          0x000000000002c93c        0x0 c:/develop/altera/15.0/nios2eds/bin/gnu/h-x86_64-mingw32/bin/../lib/gcc/nios2-elf/4.9.1/../../../../../H-x86_64-mingw32/nios2-elf/lib/mhw-mulx\libc.a(lib_a-makebuf.o)
 .data          0x000000000002c93c        0x0 c:/develop/altera/15.0/nios2eds/bin/gnu/h-x86_64-mingw32/bin/../lib/gcc/nios2-elf/4.9.1/../../../../../H-x86_64-mingw32/nios2-elf/lib/mhw-mulx\libc.a(lib_a-memchr.o)
 .data          0x000000000002c93c        0x0 c:/develop/altera/15.0/nios2eds/bin/gnu/h-x86_64-mingw32/bin/../lib/gcc/nios2-elf/4.9.1/../../../../../H-x86_64-mingw32/nios2-elf/lib/mhw-mulx\libc.a(lib_a-memmove.o)
 .data          0x000000000002c93c        0x0 c:/develop/altera/15.0/nios2eds/bin/gnu/h-x86_64-mingw32/bin/../lib/gcc/nios2-elf/4.9.1/../../../../../H-x86_64-mingw32/nios2-elf/lib/mhw-mulx\libc.a(lib_a-mprec.o)
 .data          0x000000000002c93c        0x0 c:/develop/altera/15.0/nios2eds/bin/gnu/h-x86_64-mingw32/bin/../lib/gcc/nios2-elf/4.9.1/../../../../../H-x86_64-mingw32/nios2-elf/lib/mhw-mulx\libc.a(lib_a-reallocr.o)
 .data          0x000000000002c93c        0x0 c:/develop/altera/15.0/nios2eds/bin/gnu/h-x86_64-mingw32/bin/../lib/gcc/nios2-elf/4.9.1/../../../../../H-x86_64-mingw32/nios2-elf/lib/mhw-mulx\libc.a(lib_a-s_fpclassify.o)
 .data          0x000000000002c93c        0x0 c:/develop/altera/15.0/nios2eds/bin/gnu/h-x86_64-mingw32/bin/../lib/gcc/nios2-elf/4.9.1/../../../../../H-x86_64-mingw32/nios2-elf/lib/mhw-mulx\libc.a(lib_a-stdio.o)
 .data          0x000000000002c93c        0x0 c:/develop/altera/15.0/nios2eds/bin/gnu/h-x86_64-mingw32/bin/../lib/gcc/nios2-elf/4.9.1/../../../../../H-x86_64-mingw32/nios2-elf/lib/mhw-mulx\libc.a(lib_a-strcmp.o)
 .data          0x000000000002c93c        0x0 c:/develop/altera/15.0/nios2eds/bin/gnu/h-x86_64-mingw32/bin/../lib/gcc/nios2-elf/4.9.1/../../../../../H-x86_64-mingw32/nios2-elf/lib/mhw-mulx\libc.a(lib_a-vfiprintf.o)
 .data          0x000000000002c93c        0x0 c:/develop/altera/15.0/nios2eds/bin/gnu/h-x86_64-mingw32/bin/../lib/gcc/nios2-elf/4.9.1/../../../../../H-x86_64-mingw32/nios2-elf/lib/mhw-mulx\libc.a(lib_a-writer.o)
 .data          0x000000000002c93c        0x0 c:/develop/altera/15.0/nios2eds/bin/gnu/h-x86_64-mingw32/bin/../lib/gcc/nios2-elf/4.9.1/../../../../../H-x86_64-mingw32/nios2-elf/lib/mhw-mulx\libc.a(closer.o)
 .data          0x000000000002c93c        0x0 c:/develop/altera/15.0/nios2eds/bin/gnu/h-x86_64-mingw32/bin/../lib/gcc/nios2-elf/4.9.1/../../../../../H-x86_64-mingw32/nios2-elf/lib/mhw-mulx\libc.a(lib_a-callocr.o)
 .data          0x000000000002c93c        0x0 c:/develop/altera/15.0/nios2eds/bin/gnu/h-x86_64-mingw32/bin/../lib/gcc/nios2-elf/4.9.1/../../../../../H-x86_64-mingw32/nios2-elf/lib/mhw-mulx\libc.a(lib_a-fclose.o)
 .data          0x000000000002c93c        0x0 c:/develop/altera/15.0/nios2eds/bin/gnu/h-x86_64-mingw32/bin/../lib/gcc/nios2-elf/4.9.1/../../../../../H-x86_64-mingw32/nios2-elf/lib/mhw-mulx\libc.a(lib_a-fputwc.o)
 .data          0x000000000002c93c        0x0 c:/develop/altera/15.0/nios2eds/bin/gnu/h-x86_64-mingw32/bin/../lib/gcc/nios2-elf/4.9.1/../../../../../H-x86_64-mingw32/nios2-elf/lib/mhw-mulx\libc.a(lib_a-fstatr.o)
 .data          0x000000000002c93c        0x0 c:/develop/altera/15.0/nios2eds/bin/gnu/h-x86_64-mingw32/bin/../lib/gcc/nios2-elf/4.9.1/../../../../../H-x86_64-mingw32/nios2-elf/lib/mhw-mulx\libc.a(lib_a-isattyr.o)
 .data          0x000000000002c93c        0x0 c:/develop/altera/15.0/nios2eds/bin/gnu/h-x86_64-mingw32/bin/../lib/gcc/nios2-elf/4.9.1/../../../../../H-x86_64-mingw32/nios2-elf/lib/mhw-mulx\libc.a(lib_a-lseekr.o)
 .data          0x000000000002c93c        0x0 c:/develop/altera/15.0/nios2eds/bin/gnu/h-x86_64-mingw32/bin/../lib/gcc/nios2-elf/4.9.1/../../../../../H-x86_64-mingw32/nios2-elf/lib/mhw-mulx\libc.a(lib_a-readr.o)
 .data          0x000000000002c93c        0x0 c:/develop/altera/15.0/nios2eds/bin/gnu/h-x86_64-mingw32/bin/../lib/gcc/nios2-elf/4.9.1/../../../../../H-x86_64-mingw32/nios2-elf/lib/mhw-mulx\libc.a(lib_a-wbuf.o)
 .data          0x000000000002c93c        0x0 c:/develop/altera/15.0/nios2eds/bin/gnu/h-x86_64-mingw32/bin/../lib/gcc/nios2-elf/4.9.1/../../../../../H-x86_64-mingw32/nios2-elf/lib/mhw-mulx\libc.a(lib_a-wcrtomb.o)
 .data          0x000000000002c93c        0x0 c:/develop/altera/15.0/nios2eds/bin/gnu/h-x86_64-mingw32/bin/../lib/gcc/nios2-elf/4.9.1/../../../../../H-x86_64-mingw32/nios2-elf/lib/mhw-mulx\libc.a(lib_a-wctomb_r.o)
 .data          0x000000000002c93c        0x0 c:/develop/altera/15.0/nios2eds/bin/gnu/h-x86_64-mingw32/bin/../lib/gcc/nios2-elf/4.9.1/mhw-mulx\libgcc.a(_udivdi3.o)
 .data          0x000000000002c93c        0x0 c:/develop/altera/15.0/nios2eds/bin/gnu/h-x86_64-mingw32/bin/../lib/gcc/nios2-elf/4.9.1/mhw-mulx\libgcc.a(_umoddi3.o)
 .data          0x000000000002c93c        0x0 c:/develop/altera/15.0/nios2eds/bin/gnu/h-x86_64-mingw32/bin/../lib/gcc/nios2-elf/4.9.1/mhw-mulx\libgcc.a(lib2-divmod.o)
 .data          0x000000000002c93c        0x0 c:/develop/altera/15.0/nios2eds/bin/gnu/h-x86_64-mingw32/bin/../lib/gcc/nios2-elf/4.9.1/mhw-mulx\libgcc.a(adddf3.o)
 .data          0x000000000002c93c        0x0 c:/develop/altera/15.0/nios2eds/bin/gnu/h-x86_64-mingw32/bin/../lib/gcc/nios2-elf/4.9.1/mhw-mulx\libgcc.a(divdf3.o)
 .data          0x000000000002c93c        0x0 c:/develop/altera/15.0/nios2eds/bin/gnu/h-x86_64-mingw32/bin/../lib/gcc/nios2-elf/4.9.1/mhw-mulx\libgcc.a(eqdf2.o)
 .data          0x000000000002c93c        0x0 c:/develop/altera/15.0/nios2eds/bin/gnu/h-x86_64-mingw32/bin/../lib/gcc/nios2-elf/4.9.1/mhw-mulx\libgcc.a(gedf2.o)
 .data          0x000000000002c93c        0x0 c:/develop/altera/15.0/nios2eds/bin/gnu/h-x86_64-mingw32/bin/../lib/gcc/nios2-elf/4.9.1/mhw-mulx\libgcc.a(ledf2.o)
 .data          0x000000000002c93c        0x0 c:/develop/altera/15.0/nios2eds/bin/gnu/h-x86_64-mingw32/bin/../lib/gcc/nios2-elf/4.9.1/mhw-mulx\libgcc.a(muldf3.o)
 .data          0x000000000002c93c        0x0 c:/develop/altera/15.0/nios2eds/bin/gnu/h-x86_64-mingw32/bin/../lib/gcc/nios2-elf/4.9.1/mhw-mulx\libgcc.a(subdf3.o)
 .data          0x000000000002c93c        0x0 c:/develop/altera/15.0/nios2eds/bin/gnu/h-x86_64-mingw32/bin/../lib/gcc/nios2-elf/4.9.1/mhw-mulx\libgcc.a(fixdfsi.o)
 .data          0x000000000002c93c        0x0 c:/develop/altera/15.0/nios2eds/bin/gnu/h-x86_64-mingw32/bin/../lib/gcc/nios2-elf/4.9.1/mhw-mulx\libgcc.a(floatsidf.o)
 .data          0x000000000002c93c        0x0 c:/develop/altera/15.0/nios2eds/bin/gnu/h-x86_64-mingw32/bin/../lib/gcc/nios2-elf/4.9.1/mhw-mulx\libgcc.a(floatunsidf.o)
 .data          0x000000000002c93c        0x0 c:/develop/altera/15.0/nios2eds/bin/gnu/h-x86_64-mingw32/bin/../lib/gcc/nios2-elf/4.9.1/mhw-mulx\libgcc.a(_clz.o)
 .data          0x000000000002c93c        0x0 c:/develop/altera/15.0/nios2eds/bin/gnu/h-x86_64-mingw32/bin/../lib/gcc/nios2-elf/4.9.1/mhw-mulx\libgcc.a(_clzsi2.o)
 .data          0x000000000002c93c        0x0 ../cineraria_wavplay_bsp/\libhal_bsp.a(alt_alarm_start.o)
 .data          0x000000000002c93c        0x0 ../cineraria_wavplay_bsp/\libhal_bsp.a(alt_close.o)
 .data          0x000000000002c93c      0x1a8 ../cineraria_wavplay_bsp/\libhal_bsp.a(alt_dev.o)
                0x000000000002c93c                alt_fd_list
                0x000000000002cabc                alt_dev_null
 .data          0x000000000002cae4        0x0 ../cineraria_wavplay_bsp/\libhal_bsp.a(alt_errno.o)
 .data          0x000000000002cae4        0x0 ../cineraria_wavplay_bsp/\libhal_bsp.a(alt_fs_reg.o)
 .data          0x000000000002cae4        0x0 ../cineraria_wavplay_bsp/\libhal_bsp.a(alt_fstat.o)
 .data          0x000000000002cae4        0x0 ../cineraria_wavplay_bsp/\libhal_bsp.a(alt_iic.o)
 .data          0x000000000002cae4        0x0 ../cineraria_wavplay_bsp/\libhal_bsp.a(alt_iic_isr_register.o)
 .data          0x000000000002cae4        0x0 ../cineraria_wavplay_bsp/\libhal_bsp.a(alt_irq_entry.o)
 .data          0x000000000002cae4        0x0 ../cineraria_wavplay_bsp/\libhal_bsp.a(alt_irq_handler.o)
 .data          0x000000000002cae4        0x0 ../cineraria_wavplay_bsp/\libhal_bsp.a(alt_irq_vars.o)
 .data          0x000000000002cae4        0x0 ../cineraria_wavplay_bsp/\libhal_bsp.a(alt_isatty.o)
 .data          0x000000000002cae4        0x0 ../cineraria_wavplay_bsp/\libhal_bsp.a(alt_load.o)
 .data          0x000000000002cae4        0x0 ../cineraria_wavplay_bsp/\libhal_bsp.a(alt_lseek.o)
 .data          0x000000000002cae4        0x0 ../cineraria_wavplay_bsp/\libhal_bsp.a(alt_main.o)
 .data          0x000000000002cae4        0x0 ../cineraria_wavplay_bsp/\libhal_bsp.a(alt_malloc_lock.o)
 .data          0x000000000002cae4        0x0 ../cineraria_wavplay_bsp/\libhal_bsp.a(alt_read.o)
 .data          0x000000000002cae4        0x0 ../cineraria_wavplay_bsp/\libhal_bsp.a(alt_release_fd.o)
 .data          0x000000000002cae4        0x0 ../cineraria_wavplay_bsp/\libhal_bsp.a(alt_sbrk.o)
 .data          0x000000000002cae4        0x0 ../cineraria_wavplay_bsp/\libhal_bsp.a(alt_tick.o)
 .data          0x000000000002cae4        0x0 ../cineraria_wavplay_bsp/\libhal_bsp.a(alt_uncached_free.o)
 .data          0x000000000002cae4        0x0 ../cineraria_wavplay_bsp/\libhal_bsp.a(alt_uncached_malloc.o)
 .data          0x000000000002cae4        0x0 ../cineraria_wavplay_bsp/\libhal_bsp.a(alt_write.o)
 .data          0x000000000002cae4     0x113c ../cineraria_wavplay_bsp/\libhal_bsp.a(alt_sys_init.o)
 .data          0x000000000002dc20        0x0 ../cineraria_wavplay_bsp/\libhal_bsp.a(altera_avalon_jtag_uart_fd.o)
 .data          0x000000000002dc20        0x0 ../cineraria_wavplay_bsp/\libhal_bsp.a(altera_avalon_jtag_uart_init.o)
 .data          0x000000000002dc20        0x0 ../cineraria_wavplay_bsp/\libhal_bsp.a(altera_avalon_jtag_uart_ioctl.o)
 .data          0x000000000002dc20        0x0 ../cineraria_wavplay_bsp/\libhal_bsp.a(altera_avalon_jtag_uart_read.o)
 .data          0x000000000002dc20        0x0 ../cineraria_wavplay_bsp/\libhal_bsp.a(altera_avalon_jtag_uart_write.o)
 .data          0x000000000002dc20        0x0 ../cineraria_wavplay_bsp/\libhal_bsp.a(altera_avalon_timer_sc.o)
 .data          0x000000000002dc20        0x0 ../cineraria_wavplay_bsp/\libhal_bsp.a(altera_epcq_controller.o)
 .data          0x000000000002dc20        0x0 ../cineraria_wavplay_bsp/\libhal_bsp.a(alt_busy_sleep.o)
 .data          0x000000000002dc20        0x0 ../cineraria_wavplay_bsp/\libhal_bsp.a(alt_dcache_flush.o)
 .data          0x000000000002dc20        0x0 ../cineraria_wavplay_bsp/\libhal_bsp.a(alt_dcache_flush_all.o)
 .data          0x000000000002dc20        0x0 ../cineraria_wavplay_bsp/\libhal_bsp.a(alt_dev_llist_insert.o)
 .data          0x000000000002dc20        0x0 ../cineraria_wavplay_bsp/\libhal_bsp.a(alt_do_ctors.o)
 .data          0x000000000002dc20        0x0 ../cineraria_wavplay_bsp/\libhal_bsp.a(alt_do_dtors.o)
 .data          0x000000000002dc20        0x0 ../cineraria_wavplay_bsp/\libhal_bsp.a(alt_exception_entry.o)
 .data          0x000000000002dc20        0x0 ../cineraria_wavplay_bsp/\libhal_bsp.a(alt_flash_dev.o)
 .data          0x000000000002dc20        0x0 ../cineraria_wavplay_bsp/\libhal_bsp.a(alt_icache_flush_all.o)
 .data          0x000000000002dc20        0x0 ../cineraria_wavplay_bsp/\libhal_bsp.a(alt_instruction_exception_entry.o)
 .data          0x000000000002dc20        0x0 ../cineraria_wavplay_bsp/\libhal_bsp.a(alt_io_redirect.o)
 .data          0x000000000002dc20        0x0 ../cineraria_wavplay_bsp/\libhal_bsp.a(alt_open.o)
 .data          0x000000000002dc20        0x0 ../cineraria_wavplay_bsp/\libhal_bsp.a(altera_nios2_gen2_irq.o)
 .data          0x000000000002dc20        0x0 ../cineraria_wavplay_bsp/\libhal_bsp.a(alt_find_dev.o)
 .data          0x000000000002dc20        0x0 ../cineraria_wavplay_bsp/\libhal_bsp.a(alt_find_file.o)
 .data          0x000000000002dc20        0x0 ../cineraria_wavplay_bsp/\libhal_bsp.a(alt_get_fd.o)
 .data          0x000000000002dc20        0x0 ../cineraria_wavplay_bsp/\libhal_bsp.a(alt_icache_flush.o)
 .data          0x000000000002dc20        0x0 c:/develop/altera/15.0/nios2eds/bin/gnu/h-x86_64-mingw32/bin/../lib/gcc/nios2-elf/4.9.1/../../../../../H-x86_64-mingw32/nios2-elf/lib/mhw-mulx\libc.a(lib_a-atexit.o)
 .data          0x000000000002dc20        0x0 c:/develop/altera/15.0/nios2eds/bin/gnu/h-x86_64-mingw32/bin/../lib/gcc/nios2-elf/4.9.1/../../../../../H-x86_64-mingw32/nios2-elf/lib/mhw-mulx\libc.a(lib_a-exit.o)
 .data          0x000000000002dc20        0x0 c:/develop/altera/15.0/nios2eds/bin/gnu/h-x86_64-mingw32/bin/../lib/gcc/nios2-elf/4.9.1/../../../../../H-x86_64-mingw32/nios2-elf/lib/mhw-mulx\libc.a(lib_a-malign.o)
 .data          0x000000000002dc20        0x0 c:/develop/altera/15.0/nios2eds/bin/gnu/h-x86_64-mingw32/bin/../lib/gcc/nios2-elf/4.9.1/../../../../../H-x86_64-mingw32/nios2-elf/lib/mhw-mulx\libc.a(lib_a-malignr.o)
 .data          0x000000000002dc20        0x0 c:/develop/altera/15.0/nios2eds/bin/gnu/h-x86_64-mingw32/bin/../lib/gcc/nios2-elf/4.9.1/../../../../../H-x86_64-mingw32/nios2-elf/lib/mhw-mulx\libc.a(lib_a-memcmp.o)
 .data          0x000000000002dc20        0x0 c:/develop/altera/15.0/nios2eds/bin/gnu/h-x86_64-mingw32/bin/../lib/gcc/nios2-elf/4.9.1/../../../../../H-x86_64-mingw32/nios2-elf/lib/mhw-mulx\libc.a(lib_a-__atexit.o)
 .data          0x000000000002dc20        0x0 c:/develop/altera/15.0/nios2eds/bin/gnu/h-x86_64-mingw32/bin/../lib/gcc/nios2-elf/4.9.1/../../../../../H-x86_64-mingw32/nios2-elf/lib/mhw-mulx\libc.a(lib_a-__call_atexit.o)
 .data          0x000000000002dc20        0x0 ../cineraria_wavplay_bsp/\libhal_bsp.a(alt_exit.o)
                0x0000000000035c20                _gp = ABSOLUTE ((. + 0x8000))
                0x0000000000035c20                PROVIDE (gp, _gp)
 *(.rwdata .rwdata.*)
 *(.sdata .sdata.* .gnu.linkonce.s.*)
 .sdata         0x000000000002dc20        0x1 obj/default/mmcfs/fatfs/mmcbb.o
 *fill*         0x000000000002dc21        0x3 
 .sdata         0x000000000002dc24        0x8 c:/develop/altera/15.0/nios2eds/bin/gnu/h-x86_64-mingw32/bin/../lib/gcc/nios2-elf/4.9.1/../../../../../H-x86_64-mingw32/nios2-elf/lib/mhw-mulx\libc.a(lib_a-mallocr.o)
                0x000000000002dc24                __malloc_sbrk_base
                0x000000000002dc28                __malloc_trim_threshold
 .sdata         0x000000000002dc2c        0x8 c:/develop/altera/15.0/nios2eds/bin/gnu/h-x86_64-mingw32/bin/../lib/gcc/nios2-elf/4.9.1/../../../../../H-x86_64-mingw32/nios2-elf/lib/mhw-mulx\libc.a(lib_a-impure.o)
                0x000000000002dc2c                _global_impure_ptr
                0x000000000002dc30                _impure_ptr
 .sdata         0x000000000002dc34        0x4 c:/develop/altera/15.0/nios2eds/bin/gnu/h-x86_64-mingw32/bin/../lib/gcc/nios2-elf/4.9.1/../../../../../H-x86_64-mingw32/nios2-elf/lib/mhw-mulx\libc.a(lib_a-locale.o)
                0x000000000002dc34                __mb_cur_max
 .sdata         0x000000000002dc38        0x4 c:/develop/altera/15.0/nios2eds/bin/gnu/h-x86_64-mingw32/bin/../lib/gcc/nios2-elf/4.9.1/../../../../../H-x86_64-mingw32/nios2-elf/lib/mhw-mulx\libc.a(lib_a-wctomb_r.o)
                0x000000000002dc38                __wctomb
 .sdata         0x000000000002dc3c       0x14 ../cineraria_wavplay_bsp/\libhal_bsp.a(alt_dev.o)
                0x000000000002dc3c                alt_max_fd
                0x000000000002dc40                alt_dev_list
                0x000000000002dc48                alt_fs_list
 .sdata         0x000000000002dc50        0x4 ../cineraria_wavplay_bsp/\libhal_bsp.a(alt_errno.o)
                0x000000000002dc50                alt_errno
 .sdata         0x000000000002dc54        0x4 ../cineraria_wavplay_bsp/\libhal_bsp.a(alt_irq_vars.o)
                0x000000000002dc54                alt_priority_mask
 .sdata         0x000000000002dc58        0x4 ../cineraria_wavplay_bsp/\libhal_bsp.a(alt_sbrk.o)
 .sdata         0x000000000002dc5c        0x8 ../cineraria_wavplay_bsp/\libhal_bsp.a(alt_tick.o)
                0x000000000002dc5c                alt_alarm_list
 .sdata         0x000000000002dc64        0x8 ../cineraria_wavplay_bsp/\libhal_bsp.a(alt_flash_dev.o)
                0x000000000002dc64                alt_flash_dev_list
 *(.sdata2 .sdata2.* .gnu.linkonce.s2.*)
                0x000000000002dc6c                . = ALIGN (0x4)
                0x000000000002dc6c                _edata = ABSOLUTE (.)
                0x000000000002dc6c                PROVIDE (edata, ABSOLUTE (.))
                0x000000000002dc6c                PROVIDE (__ram_rwdata_end, ABSOLUTE (.))
                0x000000000002c070                PROVIDE (__flash_rwdata_start, LOADADDR (.rwdata))

.bss            0x000000000002dc6c    0x1bfdc
                0x000000000002dc6c                __bss_start = ABSOLUTE (.)
                0x000000000002dc6c                PROVIDE (__sbss_start, ABSOLUTE (.))
                0x000000000002dc6c                PROVIDE (___sbss_start, ABSOLUTE (.))
 *(.dynsbss)
 *(.sbss .sbss.* .gnu.linkonce.sb.*)
 .sbss          0x000000000002dc6c        0x4 obj/default/disp7seg.o
 .sbss          0x000000000002dc70        0x8 obj/default/drawwave.o
 .sbss          0x000000000002dc78        0x8 obj/default/mmcfs/fatfs/ff.o
 .sbss          0x000000000002dc80        0x1 obj/default/mmcfs/fatfs/mmcbb.o
 *fill*         0x000000000002dc81        0x3 
 .sbss          0x000000000002dc84        0x8 obj/default/mmcfs/mmc_spi.o
 .sbss          0x000000000002dc8c        0x4 obj/default/mmcfs/mmcfs.o
 .sbss          0x000000000002dc90       0x14 obj/default/nd_lib/nd_egl.o
 .sbss          0x000000000002dca4        0xc obj/default/nd_lib/nd_egl.o
                0x000000000002dca4                nd_GsVgaVsyncCount
                0x000000000002dca8                nd_GsEglDrawBuffer
                0x000000000002dcac                nd_GsVgaVsyncFlag
 .sbss          0x000000000002dcb0        0x8 obj/default/playwav.o
 .sbss          0x000000000002dcb8        0xc c:/develop/altera/15.0/nios2eds/bin/gnu/h-x86_64-mingw32/bin/../lib/gcc/nios2-elf/4.9.1/../../../../../H-x86_64-mingw32/nios2-elf/lib/mhw-mulx\libc.a(lib_a-mallocr.o)
                0x000000000002dcb8                __malloc_max_total_mem
                0x000000000002dcbc                __malloc_max_sbrked_mem
                0x000000000002dcc0                __malloc_top_pad
 .sbss          0x000000000002dcc4        0x4 c:/develop/altera/15.0/nios2eds/bin/gnu/h-x86_64-mingw32/bin/../lib/gcc/nios2-elf/4.9.1/../../../../../H-x86_64-mingw32/nios2-elf/lib/mhw-mulx\libc.a(lib_a-int_errno.o)
                0x000000000002dcc4                errno
 .sbss          0x000000000002dcc8        0xc c:/develop/altera/15.0/nios2eds/bin/gnu/h-x86_64-mingw32/bin/../lib/gcc/nios2-elf/4.9.1/../../../../../H-x86_64-mingw32/nios2-elf/lib/mhw-mulx\libc.a(lib_a-locale.o)
                0x000000000002dcc8                _PathLocale
                0x000000000002dccc                __mlocale_changed
                0x000000000002dcd0                __nlocale_changed
 .sbss          0x000000000002dcd4        0x4 ../cineraria_wavplay_bsp/\libhal_bsp.a(alt_irq_vars.o)
                0x000000000002dcd4                alt_irq_active
 .sbss          0x000000000002dcd8        0xc ../cineraria_wavplay_bsp/\libhal_bsp.a(alt_main.o)
                0x000000000002dcd8                alt_envp
                0x000000000002dcdc                alt_argv
                0x000000000002dce0                alt_argc
 .sbss          0x000000000002dce4        0x8 ../cineraria_wavplay_bsp/\libhal_bsp.a(alt_tick.o)
                0x000000000002dce4                _alt_nticks
                0x000000000002dce8                _alt_tick_rate
 .sbss          0x000000000002dcec        0x4 ../cineraria_wavplay_bsp/\libhal_bsp.a(alt_instruction_exception_entry.o)
                0x000000000002dcec                alt_instruction_exception_handler
 *(.sbss2 .sbss2.* .gnu.linkonce.sb2.*)
 *(.scommon)
                0x000000000002dcf0                PROVIDE (__sbss_end, ABSOLUTE (.))
                0x000000000002dcf0                PROVIDE (___sbss_end, ABSOLUTE (.))
 *(.dynbss)
 *(.bss .bss.* .gnu.linkonce.b.*)
 .bss           0x000000000002dcf0        0x0 ../cineraria_wavplay_bsp//obj/HAL/src/crt0.o
 .bss           0x000000000002dcf0       0x18 obj/default/disp7seg.o
 .bss           0x000000000002dd08    0x19000 obj/default/drawwave.o
 .bss           0x0000000000046d08      0x144 obj/default/getfilename.o
 .bss           0x0000000000046e4c        0x0 obj/default/loadbmp.o
 .bss           0x0000000000046e4c      0x200 obj/default/mmcfs/fatfs/ff.o
 .bss           0x000000000004704c        0x0 obj/default/mmcfs/fatfs/mmcbb.o
 .bss           0x000000000004704c        0x0 obj/default/mmcfs/fatfs/option/cc932.o
 .bss           0x000000000004704c        0x0 obj/default/mmcfs/gettime.o
 .bss           0x000000000004704c        0x0 obj/default/mmcfs/mmc_spi.o
 .bss           0x000000000004704c     0x24b0 obj/default/mmcfs/mmcfs.o
 .bss           0x00000000000494fc        0x0 obj/default/nd_lib/nd_egl.o
 .bss           0x00000000000494fc      0x624 obj/default/playwav.o
 .bss           0x0000000000049b20        0x0 obj/default/wav_player.o
 .bss           0x0000000000049b20        0x0 c:/develop/altera/15.0/nios2eds/bin/gnu/h-x86_64-mingw32/bin/../lib/gcc/nios2-elf/4.9.1/../../../../../H-x86_64-mingw32/nios2-elf/lib/mhw-mulx\libc.a(lib_a-malloc.o)
 .bss           0x0000000000049b20       0x28 c:/develop/altera/15.0/nios2eds/bin/gnu/h-x86_64-mingw32/bin/../lib/gcc/nios2-elf/4.9.1/../../../../../H-x86_64-mingw32/nios2-elf/lib/mhw-mulx\libc.a(lib_a-mallocr.o)
                0x0000000000049b20                __malloc_current_mallinfo
 .bss           0x0000000000049b48        0x0 c:/develop/altera/15.0/nios2eds/bin/gnu/h-x86_64-mingw32/bin/../lib/gcc/nios2-elf/4.9.1/../../../../../H-x86_64-mingw32/nios2-elf/lib/mhw-mulx\libc.a(lib_a-memcpy.o)
 .bss           0x0000000000049b48        0x0 c:/develop/altera/15.0/nios2eds/bin/gnu/h-x86_64-mingw32/bin/../lib/gcc/nios2-elf/4.9.1/../../../../../H-x86_64-mingw32/nios2-elf/lib/mhw-mulx\libc.a(lib_a-memset.o)
 .bss           0x0000000000049b48        0x0 c:/develop/altera/15.0/nios2eds/bin/gnu/h-x86_64-mingw32/bin/../lib/gcc/nios2-elf/4.9.1/../../../../../H-x86_64-mingw32/nios2-elf/lib/mhw-mulx\libc.a(lib_a-printf.o)
 .bss           0x0000000000049b48        0x0 c:/develop/altera/15.0/nios2eds/bin/gnu/h-x86_64-mingw32/bin/../lib/gcc/nios2-elf/4.9.1/../../../../../H-x86_64-mingw32/nios2-elf/lib/mhw-mulx\libc.a(lib_a-puts.o)
 .bss           0x0000000000049b48        0x0 c:/develop/altera/15.0/nios2eds/bin/gnu/h-x86_64-mingw32/bin/../lib/gcc/nios2-elf/4.9.1/../../../../../H-x86_64-mingw32/nios2-elf/lib/mhw-mulx\libc.a(lib_a-sbrkr.o)
 .bss           0x0000000000049b48        0x0 c:/develop/altera/15.0/nios2eds/bin/gnu/h-x86_64-mingw32/bin/../lib/gcc/nios2-elf/4.9.1/../../../../../H-x86_64-mingw32/nios2-elf/lib/mhw-mulx\libc.a(lib_a-strcpy.o)
 .bss           0x0000000000049b48        0x0 c:/develop/altera/15.0/nios2eds/bin/gnu/h-x86_64-mingw32/bin/../lib/gcc/nios2-elf/4.9.1/../../../../../H-x86_64-mingw32/nios2-elf/lib/mhw-mulx\libc.a(lib_a-strlen.o)
 .bss           0x0000000000049b48        0x0 c:/develop/altera/15.0/nios2eds/bin/gnu/h-x86_64-mingw32/bin/../lib/gcc/nios2-elf/4.9.1/../../../../../H-x86_64-mingw32/nios2-elf/lib/mhw-mulx\libc.a(lib_a-vfprintf.o)
 .bss           0x0000000000049b48        0x0 c:/develop/altera/15.0/nios2eds/bin/gnu/h-x86_64-mingw32/bin/../lib/gcc/nios2-elf/4.9.1/../../../../../H-x86_64-mingw32/nios2-elf/lib/mhw-mulx\libc.a(lib_a-wsetup.o)
 .bss           0x0000000000049b48        0x0 c:/develop/altera/15.0/nios2eds/bin/gnu/h-x86_64-mingw32/bin/../lib/gcc/nios2-elf/4.9.1/../../../../../H-x86_64-mingw32/nios2-elf/lib/mhw-mulx\libc.a(lib_a-dtoa.o)
 .bss           0x0000000000049b48        0x0 c:/develop/altera/15.0/nios2eds/bin/gnu/h-x86_64-mingw32/bin/../lib/gcc/nios2-elf/4.9.1/../../../../../H-x86_64-mingw32/nios2-elf/lib/mhw-mulx\libc.a(lib_a-fflush.o)
 .bss           0x0000000000049b48        0x0 c:/develop/altera/15.0/nios2eds/bin/gnu/h-x86_64-mingw32/bin/../lib/gcc/nios2-elf/4.9.1/../../../../../H-x86_64-mingw32/nios2-elf/lib/mhw-mulx\libc.a(lib_a-findfp.o)
 .bss           0x0000000000049b48        0x0 c:/develop/altera/15.0/nios2eds/bin/gnu/h-x86_64-mingw32/bin/../lib/gcc/nios2-elf/4.9.1/../../../../../H-x86_64-mingw32/nios2-elf/lib/mhw-mulx\libc.a(lib_a-freer.o)
 .bss           0x0000000000049b48        0x0 c:/develop/altera/15.0/nios2eds/bin/gnu/h-x86_64-mingw32/bin/../lib/gcc/nios2-elf/4.9.1/../../../../../H-x86_64-mingw32/nios2-elf/lib/mhw-mulx\libc.a(lib_a-fvwrite.o)
 .bss           0x0000000000049b48        0x0 c:/develop/altera/15.0/nios2eds/bin/gnu/h-x86_64-mingw32/bin/../lib/gcc/nios2-elf/4.9.1/../../../../../H-x86_64-mingw32/nios2-elf/lib/mhw-mulx\libc.a(lib_a-fwalk.o)
 .bss           0x0000000000049b48        0x0 c:/develop/altera/15.0/nios2eds/bin/gnu/h-x86_64-mingw32/bin/../lib/gcc/nios2-elf/4.9.1/../../../../../H-x86_64-mingw32/nios2-elf/lib/mhw-mulx\libc.a(lib_a-impure.o)
 .bss           0x0000000000049b48        0x0 c:/develop/altera/15.0/nios2eds/bin/gnu/h-x86_64-mingw32/bin/../lib/gcc/nios2-elf/4.9.1/../../../../../H-x86_64-mingw32/nios2-elf/lib/mhw-mulx\libc.a(lib_a-int_errno.o)
 .bss           0x0000000000049b48        0x0 c:/develop/altera/15.0/nios2eds/bin/gnu/h-x86_64-mingw32/bin/../lib/gcc/nios2-elf/4.9.1/../../../../../H-x86_64-mingw32/nios2-elf/lib/mhw-mulx\libc.a(lib_a-locale.o)
 .bss           0x0000000000049b48        0x0 c:/develop/altera/15.0/nios2eds/bin/gnu/h-x86_64-mingw32/bin/../lib/gcc/nios2-elf/4.9.1/../../../../../H-x86_64-mingw32/nios2-elf/lib/mhw-mulx\libc.a(lib_a-makebuf.o)
 .bss           0x0000000000049b48        0x0 c:/develop/altera/15.0/nios2eds/bin/gnu/h-x86_64-mingw32/bin/../lib/gcc/nios2-elf/4.9.1/../../../../../H-x86_64-mingw32/nios2-elf/lib/mhw-mulx\libc.a(lib_a-memchr.o)
 .bss           0x0000000000049b48        0x0 c:/develop/altera/15.0/nios2eds/bin/gnu/h-x86_64-mingw32/bin/../lib/gcc/nios2-elf/4.9.1/../../../../../H-x86_64-mingw32/nios2-elf/lib/mhw-mulx\libc.a(lib_a-memmove.o)
 .bss           0x0000000000049b48        0x0 c:/develop/altera/15.0/nios2eds/bin/gnu/h-x86_64-mingw32/bin/../lib/gcc/nios2-elf/4.9.1/../../../../../H-x86_64-mingw32/nios2-elf/lib/mhw-mulx\libc.a(lib_a-mprec.o)
 .bss           0x0000000000049b48        0x0 c:/develop/altera/15.0/nios2eds/bin/gnu/h-x86_64-mingw32/bin/../lib/gcc/nios2-elf/4.9.1/../../../../../H-x86_64-mingw32/nios2-elf/lib/mhw-mulx\libc.a(lib_a-reallocr.o)
 .bss           0x0000000000049b48        0x0 c:/develop/altera/15.0/nios2eds/bin/gnu/h-x86_64-mingw32/bin/../lib/gcc/nios2-elf/4.9.1/../../../../../H-x86_64-mingw32/nios2-elf/lib/mhw-mulx\libc.a(lib_a-s_fpclassify.o)
 .bss           0x0000000000049b48        0x0 c:/develop/altera/15.0/nios2eds/bin/gnu/h-x86_64-mingw32/bin/../lib/gcc/nios2-elf/4.9.1/../../../../../H-x86_64-mingw32/nios2-elf/lib/mhw-mulx\libc.a(lib_a-stdio.o)
 .bss           0x0000000000049b48        0x0 c:/develop/altera/15.0/nios2eds/bin/gnu/h-x86_64-mingw32/bin/../lib/gcc/nios2-elf/4.9.1/../../../../../H-x86_64-mingw32/nios2-elf/lib/mhw-mulx\libc.a(lib_a-strcmp.o)
 .bss           0x0000000000049b48        0x0 c:/develop/altera/15.0/nios2eds/bin/gnu/h-x86_64-mingw32/bin/../lib/gcc/nios2-elf/4.9.1/../../../../../H-x86_64-mingw32/nios2-elf/lib/mhw-mulx\libc.a(lib_a-vfiprintf.o)
 .bss           0x0000000000049b48        0x0 c:/develop/altera/15.0/nios2eds/bin/gnu/h-x86_64-mingw32/bin/../lib/gcc/nios2-elf/4.9.1/../../../../../H-x86_64-mingw32/nios2-elf/lib/mhw-mulx\libc.a(lib_a-writer.o)
 .bss           0x0000000000049b48        0x0 c:/develop/altera/15.0/nios2eds/bin/gnu/h-x86_64-mingw32/bin/../lib/gcc/nios2-elf/4.9.1/../../../../../H-x86_64-mingw32/nios2-elf/lib/mhw-mulx\libc.a(closer.o)
 .bss           0x0000000000049b48        0x0 c:/develop/altera/15.0/nios2eds/bin/gnu/h-x86_64-mingw32/bin/../lib/gcc/nios2-elf/4.9.1/../../../../../H-x86_64-mingw32/nios2-elf/lib/mhw-mulx\libc.a(lib_a-callocr.o)
 .bss           0x0000000000049b48        0x0 c:/develop/altera/15.0/nios2eds/bin/gnu/h-x86_64-mingw32/bin/../lib/gcc/nios2-elf/4.9.1/../../../../../H-x86_64-mingw32/nios2-elf/lib/mhw-mulx\libc.a(lib_a-fclose.o)
 .bss           0x0000000000049b48        0x0 c:/develop/altera/15.0/nios2eds/bin/gnu/h-x86_64-mingw32/bin/../lib/gcc/nios2-elf/4.9.1/../../../../../H-x86_64-mingw32/nios2-elf/lib/mhw-mulx\libc.a(lib_a-fputwc.o)
 .bss           0x0000000000049b48        0x0 c:/develop/altera/15.0/nios2eds/bin/gnu/h-x86_64-mingw32/bin/../lib/gcc/nios2-elf/4.9.1/../../../../../H-x86_64-mingw32/nios2-elf/lib/mhw-mulx\libc.a(lib_a-fstatr.o)
 .bss           0x0000000000049b48        0x0 c:/develop/altera/15.0/nios2eds/bin/gnu/h-x86_64-mingw32/bin/../lib/gcc/nios2-elf/4.9.1/../../../../../H-x86_64-mingw32/nios2-elf/lib/mhw-mulx\libc.a(lib_a-isattyr.o)
 .bss           0x0000000000049b48        0x0 c:/develop/altera/15.0/nios2eds/bin/gnu/h-x86_64-mingw32/bin/../lib/gcc/nios2-elf/4.9.1/../../../../../H-x86_64-mingw32/nios2-elf/lib/mhw-mulx\libc.a(lib_a-lseekr.o)
 .bss           0x0000000000049b48        0x0 c:/develop/altera/15.0/nios2eds/bin/gnu/h-x86_64-mingw32/bin/../lib/gcc/nios2-elf/4.9.1/../../../../../H-x86_64-mingw32/nios2-elf/lib/mhw-mulx\libc.a(lib_a-readr.o)
 .bss           0x0000000000049b48        0x0 c:/develop/altera/15.0/nios2eds/bin/gnu/h-x86_64-mingw32/bin/../lib/gcc/nios2-elf/4.9.1/../../../../../H-x86_64-mingw32/nios2-elf/lib/mhw-mulx\libc.a(lib_a-wbuf.o)
 .bss           0x0000000000049b48        0x0 c:/develop/altera/15.0/nios2eds/bin/gnu/h-x86_64-mingw32/bin/../lib/gcc/nios2-elf/4.9.1/../../../../../H-x86_64-mingw32/nios2-elf/lib/mhw-mulx\libc.a(lib_a-wcrtomb.o)
 .bss           0x0000000000049b48        0x0 c:/develop/altera/15.0/nios2eds/bin/gnu/h-x86_64-mingw32/bin/../lib/gcc/nios2-elf/4.9.1/../../../../../H-x86_64-mingw32/nios2-elf/lib/mhw-mulx\libc.a(lib_a-wctomb_r.o)
 .bss           0x0000000000049b48        0x0 c:/develop/altera/15.0/nios2eds/bin/gnu/h-x86_64-mingw32/bin/../lib/gcc/nios2-elf/4.9.1/mhw-mulx\libgcc.a(_udivdi3.o)
 .bss           0x0000000000049b48        0x0 c:/develop/altera/15.0/nios2eds/bin/gnu/h-x86_64-mingw32/bin/../lib/gcc/nios2-elf/4.9.1/mhw-mulx\libgcc.a(_umoddi3.o)
 .bss           0x0000000000049b48        0x0 c:/develop/altera/15.0/nios2eds/bin/gnu/h-x86_64-mingw32/bin/../lib/gcc/nios2-elf/4.9.1/mhw-mulx\libgcc.a(lib2-divmod.o)
 .bss           0x0000000000049b48        0x0 c:/develop/altera/15.0/nios2eds/bin/gnu/h-x86_64-mingw32/bin/../lib/gcc/nios2-elf/4.9.1/mhw-mulx\libgcc.a(adddf3.o)
 .bss           0x0000000000049b48        0x0 c:/develop/altera/15.0/nios2eds/bin/gnu/h-x86_64-mingw32/bin/../lib/gcc/nios2-elf/4.9.1/mhw-mulx\libgcc.a(divdf3.o)
 .bss           0x0000000000049b48        0x0 c:/develop/altera/15.0/nios2eds/bin/gnu/h-x86_64-mingw32/bin/../lib/gcc/nios2-elf/4.9.1/mhw-mulx\libgcc.a(eqdf2.o)
 .bss           0x0000000000049b48        0x0 c:/develop/altera/15.0/nios2eds/bin/gnu/h-x86_64-mingw32/bin/../lib/gcc/nios2-elf/4.9.1/mhw-mulx\libgcc.a(gedf2.o)
 .bss           0x0000000000049b48        0x0 c:/develop/altera/15.0/nios2eds/bin/gnu/h-x86_64-mingw32/bin/../lib/gcc/nios2-elf/4.9.1/mhw-mulx\libgcc.a(ledf2.o)
 .bss           0x0000000000049b48        0x0 c:/develop/altera/15.0/nios2eds/bin/gnu/h-x86_64-mingw32/bin/../lib/gcc/nios2-elf/4.9.1/mhw-mulx\libgcc.a(muldf3.o)
 .bss           0x0000000000049b48        0x0 c:/develop/altera/15.0/nios2eds/bin/gnu/h-x86_64-mingw32/bin/../lib/gcc/nios2-elf/4.9.1/mhw-mulx\libgcc.a(subdf3.o)
 .bss           0x0000000000049b48        0x0 c:/develop/altera/15.0/nios2eds/bin/gnu/h-x86_64-mingw32/bin/../lib/gcc/nios2-elf/4.9.1/mhw-mulx\libgcc.a(fixdfsi.o)
 .bss           0x0000000000049b48        0x0 c:/develop/altera/15.0/nios2eds/bin/gnu/h-x86_64-mingw32/bin/../lib/gcc/nios2-elf/4.9.1/mhw-mulx\libgcc.a(floatsidf.o)
 .bss           0x0000000000049b48        0x0 c:/develop/altera/15.0/nios2eds/bin/gnu/h-x86_64-mingw32/bin/../lib/gcc/nios2-elf/4.9.1/mhw-mulx\libgcc.a(floatunsidf.o)
 .bss           0x0000000000049b48        0x0 c:/develop/altera/15.0/nios2eds/bin/gnu/h-x86_64-mingw32/bin/../lib/gcc/nios2-elf/4.9.1/mhw-mulx\libgcc.a(_clz.o)
 .bss           0x0000000000049b48        0x0 c:/develop/altera/15.0/nios2eds/bin/gnu/h-x86_64-mingw32/bin/../lib/gcc/nios2-elf/4.9.1/mhw-mulx\libgcc.a(_clzsi2.o)
 .bss           0x0000000000049b48        0x0 ../cineraria_wavplay_bsp/\libhal_bsp.a(alt_alarm_start.o)
 .bss           0x0000000000049b48        0x0 ../cineraria_wavplay_bsp/\libhal_bsp.a(alt_close.o)
 .bss           0x0000000000049b48        0x0 ../cineraria_wavplay_bsp/\libhal_bsp.a(alt_dev.o)
 .bss           0x0000000000049b48        0x0 ../cineraria_wavplay_bsp/\libhal_bsp.a(alt_errno.o)
 .bss           0x0000000000049b48        0x0 ../cineraria_wavplay_bsp/\libhal_bsp.a(alt_fs_reg.o)
 .bss           0x0000000000049b48        0x0 ../cineraria_wavplay_bsp/\libhal_bsp.a(alt_fstat.o)
 .bss           0x0000000000049b48        0x0 ../cineraria_wavplay_bsp/\libhal_bsp.a(alt_iic.o)
 .bss           0x0000000000049b48        0x0 ../cineraria_wavplay_bsp/\libhal_bsp.a(alt_iic_isr_register.o)
 .bss           0x0000000000049b48        0x0 ../cineraria_wavplay_bsp/\libhal_bsp.a(alt_irq_entry.o)
 .bss           0x0000000000049b48        0x0 ../cineraria_wavplay_bsp/\libhal_bsp.a(alt_irq_handler.o)
 .bss           0x0000000000049b48        0x0 ../cineraria_wavplay_bsp/\libhal_bsp.a(alt_irq_vars.o)
 .bss           0x0000000000049b48        0x0 ../cineraria_wavplay_bsp/\libhal_bsp.a(alt_isatty.o)
 .bss           0x0000000000049b48        0x0 ../cineraria_wavplay_bsp/\libhal_bsp.a(alt_load.o)
 .bss           0x0000000000049b48        0x0 ../cineraria_wavplay_bsp/\libhal_bsp.a(alt_lseek.o)
 .bss           0x0000000000049b48        0x0 ../cineraria_wavplay_bsp/\libhal_bsp.a(alt_main.o)
 .bss           0x0000000000049b48        0x0 ../cineraria_wavplay_bsp/\libhal_bsp.a(alt_malloc_lock.o)
 .bss           0x0000000000049b48        0x0 ../cineraria_wavplay_bsp/\libhal_bsp.a(alt_read.o)
 .bss           0x0000000000049b48        0x0 ../cineraria_wavplay_bsp/\libhal_bsp.a(alt_release_fd.o)
 .bss           0x0000000000049b48        0x0 ../cineraria_wavplay_bsp/\libhal_bsp.a(alt_sbrk.o)
 .bss           0x0000000000049b48        0x0 ../cineraria_wavplay_bsp/\libhal_bsp.a(alt_tick.o)
 .bss           0x0000000000049b48        0x0 ../cineraria_wavplay_bsp/\libhal_bsp.a(alt_uncached_free.o)
 .bss           0x0000000000049b48        0x0 ../cineraria_wavplay_bsp/\libhal_bsp.a(alt_uncached_malloc.o)
 .bss           0x0000000000049b48        0x0 ../cineraria_wavplay_bsp/\libhal_bsp.a(alt_write.o)
 .bss           0x0000000000049b48        0x0 ../cineraria_wavplay_bsp/\libhal_bsp.a(alt_sys_init.o)
 .bss           0x0000000000049b48        0x0 ../cineraria_wavplay_bsp/\libhal_bsp.a(altera_avalon_jtag_uart_fd.o)
 .bss           0x0000000000049b48        0x0 ../cineraria_wavplay_bsp/\libhal_bsp.a(altera_avalon_jtag_uart_init.o)
 .bss           0x0000000000049b48        0x0 ../cineraria_wavplay_bsp/\libhal_bsp.a(altera_avalon_jtag_uart_ioctl.o)
 .bss           0x0000000000049b48        0x0 ../cineraria_wavplay_bsp/\libhal_bsp.a(altera_avalon_jtag_uart_read.o)
 .bss           0x0000000000049b48        0x0 ../cineraria_wavplay_bsp/\libhal_bsp.a(altera_avalon_jtag_uart_write.o)
 .bss           0x0000000000049b48        0x0 ../cineraria_wavplay_bsp/\libhal_bsp.a(altera_avalon_timer_sc.o)
 .bss           0x0000000000049b48        0x0 ../cineraria_wavplay_bsp/\libhal_bsp.a(altera_epcq_controller.o)
 .bss           0x0000000000049b48        0x0 ../cineraria_wavplay_bsp/\libhal_bsp.a(alt_busy_sleep.o)
 .bss           0x0000000000049b48        0x0 ../cineraria_wavplay_bsp/\libhal_bsp.a(alt_dcache_flush.o)
 .bss           0x0000000000049b48        0x0 ../cineraria_wavplay_bsp/\libhal_bsp.a(alt_dcache_flush_all.o)
 .bss           0x0000000000049b48        0x0 ../cineraria_wavplay_bsp/\libhal_bsp.a(alt_dev_llist_insert.o)
 .bss           0x0000000000049b48        0x0 ../cineraria_wavplay_bsp/\libhal_bsp.a(alt_do_ctors.o)
 .bss           0x0000000000049b48        0x0 ../cineraria_wavplay_bsp/\libhal_bsp.a(alt_do_dtors.o)
 .bss           0x0000000000049b48        0x0 ../cineraria_wavplay_bsp/\libhal_bsp.a(alt_exception_entry.o)
 .bss           0x0000000000049b48        0x0 ../cineraria_wavplay_bsp/\libhal_bsp.a(alt_flash_dev.o)
 .bss           0x0000000000049b48        0x0 ../cineraria_wavplay_bsp/\libhal_bsp.a(alt_icache_flush_all.o)
 .bss           0x0000000000049b48        0x0 ../cineraria_wavplay_bsp/\libhal_bsp.a(alt_instruction_exception_entry.o)
 .bss           0x0000000000049b48        0x0 ../cineraria_wavplay_bsp/\libhal_bsp.a(alt_io_redirect.o)
 .bss           0x0000000000049b48        0x0 ../cineraria_wavplay_bsp/\libhal_bsp.a(alt_open.o)
 .bss           0x0000000000049b48        0x0 ../cineraria_wavplay_bsp/\libhal_bsp.a(altera_nios2_gen2_irq.o)
 .bss           0x0000000000049b48        0x0 ../cineraria_wavplay_bsp/\libhal_bsp.a(alt_find_dev.o)
 .bss           0x0000000000049b48        0x0 ../cineraria_wavplay_bsp/\libhal_bsp.a(alt_find_file.o)
 .bss           0x0000000000049b48        0x0 ../cineraria_wavplay_bsp/\libhal_bsp.a(alt_get_fd.o)
 .bss           0x0000000000049b48        0x0 ../cineraria_wavplay_bsp/\libhal_bsp.a(alt_icache_flush.o)
 .bss           0x0000000000049b48        0x0 c:/develop/altera/15.0/nios2eds/bin/gnu/h-x86_64-mingw32/bin/../lib/gcc/nios2-elf/4.9.1/../../../../../H-x86_64-mingw32/nios2-elf/lib/mhw-mulx\libc.a(lib_a-atexit.o)
 .bss           0x0000000000049b48        0x0 c:/develop/altera/15.0/nios2eds/bin/gnu/h-x86_64-mingw32/bin/../lib/gcc/nios2-elf/4.9.1/../../../../../H-x86_64-mingw32/nios2-elf/lib/mhw-mulx\libc.a(lib_a-exit.o)
 .bss           0x0000000000049b48        0x0 c:/develop/altera/15.0/nios2eds/bin/gnu/h-x86_64-mingw32/bin/../lib/gcc/nios2-elf/4.9.1/../../../../../H-x86_64-mingw32/nios2-elf/lib/mhw-mulx\libc.a(lib_a-malign.o)
 .bss           0x0000000000049b48        0x0 c:/develop/altera/15.0/nios2eds/bin/gnu/h-x86_64-mingw32/bin/../lib/gcc/nios2-elf/4.9.1/../../../../../H-x86_64-mingw32/nios2-elf/lib/mhw-mulx\libc.a(lib_a-malignr.o)
 .bss           0x0000000000049b48        0x0 c:/develop/altera/15.0/nios2eds/bin/gnu/h-x86_64-mingw32/bin/../lib/gcc/nios2-elf/4.9.1/../../../../../H-x86_64-mingw32/nios2-elf/lib/mhw-mulx\libc.a(lib_a-memcmp.o)
 .bss           0x0000000000049b48        0x0 c:/develop/altera/15.0/nios2eds/bin/gnu/h-x86_64-mingw32/bin/../lib/gcc/nios2-elf/4.9.1/../../../../../H-x86_64-mingw32/nios2-elf/lib/mhw-mulx\libc.a(lib_a-__atexit.o)
 .bss           0x0000000000049b48        0x0 c:/develop/altera/15.0/nios2eds/bin/gnu/h-x86_64-mingw32/bin/../lib/gcc/nios2-elf/4.9.1/../../../../../H-x86_64-mingw32/nios2-elf/lib/mhw-mulx\libc.a(lib_a-__call_atexit.o)
 .bss           0x0000000000049b48        0x0 ../cineraria_wavplay_bsp/\libhal_bsp.a(alt_exit.o)
 *(COMMON)
 COMMON         0x0000000000049b48      0x100 ../cineraria_wavplay_bsp/\libhal_bsp.a(alt_irq_handler.o)
                0x0000000000049b48                alt_irq
                0x0000000000049c48                . = ALIGN (0x4)
                0x0000000000049c48                __bss_end = ABSOLUTE (.)

.sdram          0x0000000000049c48        0x0
                0x0000000000049c48                PROVIDE (_alt_partition_sdram_start, ABSOLUTE (.))
 *(.sdram .sdram. sdram.*)
                0x0000000000049c48                . = ALIGN (0x4)
                0x0000000000049c48                PROVIDE (_alt_partition_sdram_end, ABSOLUTE (.))
                0x0000000000049c48                _end = ABSOLUTE (.)
                0x0000000000049c48                end = ABSOLUTE (.)